border_size=1
usage=map

Gg^Efm, Gg^Efm, Gg^Efm, Gg^Efm, Gg^Efm, Gg, Gg, Rrc, Gg, Gg, Gg^Efm, Gg, Gg, Rrc, Gg, Gg, Gg^Efm, Gg^Efm, Gg^Efm, Gg^Efm, Gg^Efm, Xv, Xv, Xv, Xv, Gd^Fdf, Gd^Fdf, Gd^Fdf, Gd^Fdf, Gd^Fdf, Gd^Fdf, Gd^Fdf, Gd^Fdf, Gd^Fdf, Gd^Fdf, Gd^Fdf, Gd^Fdf, Gd^Fdf
Gg^Efm, Gg^Efm, Gg^Efm, Gg^Efm, Gg^Efm, Gg, Gg, Rrc, Gs^Vh, Gg^Efm, Gg^Efm, Gg^Efm, Gg, Rrc, Gs^Vh, Gg, Gg^Efm, Gg^Efm, Gg^Efm, Gg^Efm, Gg^Efm, Xv, Xv, Xv, Xv, Gd^Fdf, Gd^Fdf, Gd^Fdf, Gg^Fet, Gd^Fdf, Gd^Fdf, Gg^Ve, Cv, Gd^Fdf, Gd^Fdf, Gd^Fdf, Gd^Fdf, Gd^Fdf
Gg^Efm, Gg^Efm, Gg^Efm, Gg^Efm, Gg^Efm, Gg, Ce, Ce, Ce, Gg^Efm, Gg^Efm, Gg^Efm, Ce, Ce, Ce, Gg, Gg^Efm, Gg^Efm, Gg^Efm, Gg^Efm, Gg^Efm, Xv, Xv, Xv, Xv, Gd^Fdf, Gd^Fdf, Gd^Fdf, Gd^Fdf, Gd^Fdf, Gg^Ve, Cv, 6 Kv, Cv, Gg^Ve, Gd^Fdf, Gd^Fdf, Gd^Fdf
Gg^Efm, Gg^Efm, Gg^Efm, Gg^Efm, Gg, Gs^Vh, Ce, 1 Ke, Ce, Gs^Vh, Gg^Efm, Gs^Vh, Ce, 2 Ke, Ce, Gg, Gg, Gg^Efm, Gg^Efm, Gg^Efm, Gg^Efm, Xv, Xv, Xv, Xv, Gd^Fdf, Gd^Fdf, Gd^Fdf, Gd^Fdf, Gd^Fdf, Gd^Fdf, Cv, Cv, Cv, Gd^Fdf, Gd^Fdf, Gd^Fdf, Gd^Fdf
Gg^Efm, Gg^Efm, Gg^Efm, Gg^Efm, Gg, Gg, Gg, Ce, Rrc, Gg^Efm, Gg^Efm, Gg^Efm, Gg, Ce, Gg, Gs^Vh, Gg, Gg, Gg, Gg^Efm, Gg, Xv, Xv, Xv, Xv, Gd^Fdf, Gd^Fdf, Gd^Fdf, Gg^Fet, Gd^Fdf, Gd^Fdf, Gg^Ve, Gd^Fdf, Gg^Ve, Gd^Fdf, Gd^Fdf, Gd^Fdf, Gd^Fdf
Gg, Gg^Efm, Gg^Efm, Gg, Gg, Gg, Gg, Gg, Rrc, Gg^Efm, Gg, Gg, Rrc, Rrc, Gg^Gvs, Gg^Gvs, Gg^Gvs, Gg^Wm, Gg, Gg, Gg, Xv, Xv, Xv, Xv, Gd^Fdf, Gd^Fdf, Gd^Fdf, Gd^Fdf, Gd^Fdf, Gd^Fdf, Gd^Fdf, Gd^Fdf, Gd^Fdf, Gd^Fdf, Gg^Fet, Gd^Fdf, Gd^Fdf
Gg, Gg, Gg, Gg, Gg, Gg, Gg^Gvs, Gg^Gvs, Gg^Gvs, Rrc, Rrc, Rrc, Gg, Gg^Gvs, Gg^Gvs, Gg^Gvs, Gg^Gvs, Gg^Gvs, Gg, Gg, Gg, Xv, Xv, Xv, Xv, Gg^Ve, Gd^Fdf, Gd^Fdf, Gd^Fdf, Gd^Fdf, Gd^Fdf, Gd^Fdf, Gd^Fdf, Gd^Fdf, Gd^Fdf, Gd^Fdf, Gd^Fdf, Gd^Fdf
Gg, Gg, Gg, Gg, Gg, Gg^Gvs, Gg^Gvs, Gg^Gvs, Gg^Gvs, Gg^Gvs, Gg, Rrc, Gg, Gg, Gg, Gg^Gvs, Gg, Gg, Gg, Gg, Gg, Xv, Xv, Xv, Xv, Gd^Fdf, Gd^Fdf, Gd^Fdf, Gd^Fdf, Gd^Fdf, Gd^Fdf, Gd^Fdf, Gd^Fdf, Gd^Fdf, Gd^Fdf, Gd^Fdf, Gd^Fdf, Gd^Fdf
Gg, Gg, Gg, Gg, Gg, Gg, Gg, Gg^Gvs, Gg, Gg^Wm, Gg, Rrc, Gg, Gg, Gg, Gg, Gg, Gg, Gg, Gg, Gg, Xv, Xv, Xv, Xv, Gd^Fdf, Gd^Fdf, Gd^Fdf, Gd^Fdf, Gd^Fdf, Gd^Fdf, Gd^Fdf, Gg^Fet, Gd^Fdf, Gd^Fdf, Gd^Fdf, Gg^Fet, Gd^Fdf
Gg, Gg, Gg, Gg, Gg, Gg, Gg, Gg, Gg, Gg, Rrc, Rrc, Gg, Gg, Gg, Gg, Gg, Gg, Gg, Gg, Gg, Xv, Xv, Xv, Xv, Gd^Fdf, Gd^Fdf, Gd^Fdf, Gd^Fdf, Gd^Fdf, Gd^Fdf, Gd^Fdf, Gd^Fdf, Gd^Fdf, Gd^Fdf, Gd^Fdf, Gd^Fdf, Gd^Fdf
Gg, Gg, Gg, Gg, Gs, Gs, Gs, Gs, Gs, Rr, Gs, Gs, Gs, Gs, Gs, Gg, Gd, Gg, Gg, Gg, Xv, Xv, Xv, Xv, Xv, Gd^Fdf, Gd^Fdf, Gd^Fdf, Gd^Fdf, Gd^Fdf, Gd^Fdf, Gd^Fdf, Gd^Fdf, Gd^Fdf, Gd^Fdf, Gd^Fdf, Gd^Fdf, Gd^Fdf
Gg, Gg, Gs, Gs, Gs, Gs, Gs, Gs, Gs, Rr, Gs, Gs, Gs, Gs, Gd, Gd, Gd, Gg, Xv, Xv, Xv, Xv, Xv, Xv, Xv, Xv, Xv, Gd^Fdf, Gd^Fdf, Gd^Fdf, Gd^Fdf, Gd^Fdf, Gd^Fdf, Gd^Fdf, Gd^Fdf, Gd^Fdf, Gd^Fdf, Gd^Fdf
Gd, Gs, Gs, Gs, Ss, Ss^Vhs, Ss, Ss, Ss, Ss, Ss, Ss, Ss^Vhs, Ss, Gd, Gd, Xv, Xv, Xv, Xv, Xv, Xv, Xv, Xv, Xv, Xv, Xv, Xv, Xv, Gd^Fdf, Gd^Fdf, Gd^Fdf, Gd^Fdf, Gd^Fdf, Gd^Fdf, Gd^Fdf, Gd^Fdf, Gd^Fdf
Gd, Gd, Gd, Ss, Ss, Ss, Ss, Ss, Chs, Ss, Ss, Ss, Ss, Ss, Ss, Xv, Xv, Xv, Xv, Xv, Xv, Xv, Xv, Xv, Xv, Xv, Xv, Xv, Xv, Xv, Xv, Gd^Fdf, Gd^Fdf, Gd^Fdf, Gd^Fdf, Gd^Fdf, Gd^Fdf, Gd^Fdf
Gd, Gd, Gd, Ss, Ss, Ss, Ss, Chs, 3 Khs, Chs, Ss, Ss, Ss, Ss, Ss, Xv, Xv, Xv, Xv, Xv, Xv, Xv, Xv, Xv, Xv, Xv, Xv, Xv, Xv, Xv, Xv, Xv, Xv, Gd^Fdf, Gd^Fdf, Gd^Fdf, Gd^Fdf, Gd^Fdf
Gd, Gd, Xv, Ss, Ss^Vhs, Ss, Ss, Chs, Chs, Chs, Ss, Ss, Ss, Ss, Ss, Xv, Xv, Xv, Xv, Xv, Xv, Xv, Xv, Xv, Xv, Xv, Xv, Xv, Xv, Xv, Xv, Xv, Xv, Xv, Xv, Gd^Fdf, Xv, Xv
Xv, Xv, Xv, Xv, Xv, Ss, Ss, Ss, Ss, Ss, Ss, Ss, Ss, Ss^Vhs, Xv, Xv, Xv, Xv, Xv, Xv, Xv, Xv, Xv, Xv, Xv, Xv, Xv, Xv, Xv, Xv, Xv, Xv, Xv, Xv, Xv, Xv, Xv, Xv
Xv, Xv, Xv, Xv, Xv, Xv, Xv, Ss, Xv, Ss, Xv, Ss, Xv, Xv, Xv, Xv, Xv, Xv, Xv, Xv, Xv, Xv, Xv, Xv, Xv, Xv, Xv, Xv, Xv, Xv, Xv, Xv, Xv, Xv, Xv, Xv, Xv, Xv
Xv, Xv, Xv, Xv, Xv, Xv, Xv, Xv, Xv, Xv, Xv, Xv, Xv, Xv, Xv, Xv, Xv, Xv, Xv, Xv, Xv, Xv, Xv, Xv, Xv, Xv, Xv, Xv, Xv, Xv, Xv, Xv, Xv, Xv, Xv, Xv, Xv, Xv
Xv, Xv, Xv, Xv, Xv, Xv, Xv, Xv, Xv, Xv, Xv, Xv, Xv, Xv, Xv, Xv, Xv, Xv, Xv, Xv, Xv, Xv, Xv, Xv, Xv, Xv, Xv, Xv, Xv, Xv, Xv, Xv, Xv, Xv, Xv, Xv, Xv, Xv
Gg, Xv, Xv, Xv, Xv, Xv, Xv, Xv, Xv, Xv, Xv, Xv, Xv, Xv, Xv, Xv, Xv, Xv, Xv, Xv, Xv, Gg, Gg, Xv, Xv, Xv, Xv, Xv, Xv, Xv, Xv, Xv, Xv, Xv, Xv, Xv, Xv, Xv
Gg, Gg, Gg, Xv, Gg, Xv, Xv, Xv, Xv, Xv, 7 Rr, Xv, Xv, Xv, Xv, Xv, Xv, Xv, Xv, Xv, Xv, Gg, Gg, Gg, Gd, Xv, Xv, Xv, Gg, Xv, Xv, Xv, Xv, Xv, Xv, Xv, Xv, Xv
Gs, Gs, Gs, Gg, Gg, Gg, Gg, Gg, Gg, Gg, Rr, Gg, Gs, Gs, Gg, Gg, Gg, Xv, Xv, Xv, Xv, Gg, Gg^Es, Gd, Rp, Rp, Gd, Gg, Hh, Gg, Gg, Xv, Xv, Xv, Xv, Xv, Xv, Xv
Gs, Gs, Gs, Gg, Gg, Gg, Gs, Gs, Gg, Gg, Rr, Gg, Gg, Gs, Hh, Gg, Rp, Xv, Xv, Xv, Xv, Gg, Rp, Rp, Gs, Rp, Rp, Hh, Hh, Hh, Xuc, Gg, Gs, Xv, Xv, Xv, Xv, Xv
Gs, Gs, Gg, Gg, Gg, Gs, Gs, Gs, Rr, Rr, Rr, Gg, Gg, Hh, Hh, Hh, Gg, Xv, Xv, Xv, Xv, Rp, Gg, Gs, Gs^Em, Gs, Gg, Rp, Uu^Ii, Uu^Ii, Uu^Ii, Xuc, Xuc, Gs, Gs, Xv, Gs^Em, Gs
Gg, Gg, Gg, Gg, Gs, Hh, Hh, Rr, Gs, Gs, Ql, Ql, Ql, Gd, Gd, Gd, Gs, Xv, Xv, Xv, Xv, Gg, Gg, Gg, Hh, Gg, Xuc, Uu^Ii, Uu^Ii, Uu^Ii, Uu^Ii, Uu^Ii, Uu^Ii, Xuc, Xuc, Gs^Em, Gs^Em, Gs
Gg, Gg, Gg, Gs, Gs, Hh, Gs, Rr^Vd, Ql, Ql, Ql, Ql, Ql, Ql, Ql, Gd, Gs, Xv, Xv, Xv, Xv, Gg, Hh, Hh, Xuc, Xuc, Uu^Ii, Uu, Uu, Uu, Uu, Uu, Uu^Uf, Uu^Ii, Uu^Ii, Xuc, Xuc, Gs
Gg, Gg, Gd, Gs, Gs, Gs, Ql, Ql, Ql, Ql, Ql, Ql, Ql, Ql, Ql, Ql, Gs, Xv, Xv, Xv, Xv, Gg, Hh, Hh, Xuc, Uu^Ii, Uu^Ii, Uu, Uu, Uu, Uu, Uu^Uf, Uu^Uf, Uu^Uf, Uu^Uf, Uu^Ii, Uu^Ii, Xuc
Gd, Gd, Gd, Gd, Ql, Ql, Ql, Ql, Ql, Ql, Cud, Ql, Ql, Ql, Ql, Ql, Gs, Xv, Xv, Xv, Xv, Gg, Gg^Em, Hh, Xuc, Uu^Ii, Uu^Ii, Uu, Uu, Uu, Uu, Uu, Uu^Vud, Uu^Uf, Cud, Uu^Vud, Uu^Vud, Uu^Ii
Gd, Gd, Gd, Gd, Ql, Ql, Ql, Ql, Ql, Cud, 4 Kud, Cud, Ql, Ql, Ql, Ql, Gg, Xv, Xv, Xv, Xv, Gg, Gg^Em, Gg^Em, Xuc, Uu^Ii, Uu^Ii, Uu, Uu, Uu, Uu, Uu, Uu^Vud, Cud, 5 Kud, Cud, Uu^Vud, Uu
Gg, Gd, Gg, Gd, Ql, Ql, Ql, Ql, Ql, Cud, Cud, Cud, Ql, Ql, Ql, Ql, Gg, Xv, Xv, Xv, Xv, Gg, Gg, Gg^Em, Xuc, Uu^Ii, Uu^Ii, Uu, Uu^Uf, Uu^Uf, Uu^Uf, Uu, Uu^Vud, Cud, Cud, Cud, Uu, Uu
Gg, Gg, Gg, Gg, Ql, Ql, Ql, Ql, Ql, Ql, Ql, Ql, Ql, Ql, Ql, Ql, Gg, Xv, Xv, Xv, Xv, Gg, Gg, Gg, Xuc, Uu^Ii, Uu^Ii, Uu, Uu^Uf, Uu^Uf, Uu^Uf, Uu, Uu, Uu, Uu, Uu, Uu, Uu
