border_size=1
usage=map

Gs^Fds, Gs^Fds, Gs^Fds, Gg, Gs^Fds, Gs^Fds, Gs^Fds, Gg, Gg, Gg, Gg, Gg, Gg, Gg, Gg, Gg, Gg, Gg, Gg, Gg, Gg, Gg, Gg^Es, Re, Gg, Gg, Gg, Gg, Gg, Gs^Fds, Gs^Fds, Gg, Gs^Fds, Gs^Fds, Gs^Fds, Gs^Fds, Gs^Fds, Gs^Fds, Gg, Gg, Gg, Re, Gg, Gg, Gg, Gg, Gg
Gs^Fds, Gs^Fds, Gg^Fet, Gs^Fds, Gs^Fds, Gs^Fds, Gs^Fds, Gs^Fds, Gs^Fds, Gg, Gg, Gg, Gg, Gg, Gg, Gg, Gg, Gg, Gg, Gg, Gg, Gg, Gg^Es, Re, Gg, Gg, Gg, Gg, Gg, Gs^Fds, Gs^Fds, Gs^Fds, Gs^Fds, Gs^Fds, Gs^Fds, Gs^Fds, Gs^Fds, Gs^Fds, Gg, Gg, Gg, Re, Gg, Gg, Gg, Gg, Gs^Fds
Gs^Fds, Gs^Fds, Gs^Fds, Gs^Fds, Gs^Fds, Gs^Fds, Gs^Fds, Gs^Fds, Gs^Fds, Gs^Fds, Gs^Fds, Gg, Gg, Gg, Gg, Gg, Gg, Gg, Gg, Gg, Gg, Gg, Gg, Re, Gg^Es, Gg, Gg, Gg, Gg, Gs^Fds, Gs^Fds, Gs^Fds, Gs^Fds, Gs^Fds, Gs^Fds, Gs^Fds, Gs^Fds, Gs^Fds, Gg, Gg, Gg^Es, Re, Gg, Gg, Gs^Fds, Gs^Fds, Gs^Fds
Gs^Fds, Gs^Fds, Gs^Fds, Gs^Fds, Gs^Fds, Gs^Fds, Gs^Fds, Gs^Fds, Gs^Fds, Gs^Fds, Gs^Fds, Gg, Gg, Gg, Gg, Gg, Gg, Gg, Gg, Gg, Gg, Gg, Gs^Fds, Re, Gg, Gg, Gg, Gg, Gg, Gs^Fds, Gs^Fds, Gs^Fds, Gs^Fds, Gs^Fds, Gs^Fds, Gs^Fds, Gs^Fds, Gs^Fds, Gg, Gg, Gg^Es, Re, Gg, Gg, Gs^Fds, Gs^Fds, Gs^Fds
Gs^Fds, Gs^Fds, Gs^Fds, Gs^Fds, Gs^Fds, Gs^Fds, Gs^Fds, Gg^Fet, Gs^Fds, Gs^Fds, Gs^Fds, Gg, Gg, Gg, Gg, Gg, Gg, Gg, Gg, Gg, Gg, Gs^Fds, Gs^Fds, Re, Gg, Gg, Gg, Gg, Gg, Gg, Gg, Gs^Fds, Gs^Fds, Gs^Fds, Gs^Fds, Gs^Fds, Gg, Gg, Gg, Gg, Gg, Re, Gg, Gg, Gg, Gs^Fds, Gs^Fds
Gs^Fds, Gs^Fds, Gs^Fds, Gs^Fds, Gs^Fds, Gs^Fds, Gs^Fds, Gs^Fds, Gs^Fds, Gs^Fds, Gs^Fds, Gg, Gg, Gg, Gg, Gg, Gg, Gg, Gg, Gg, Gg, Gs^Fds, Re, Re, Re, Gg^Efm, Gg^Efm, Gg, Gg, Gg, Gg, Gg, Gg, Gs^Fds, Gg, Gg, Gg, Gg, Gg, Gg, Gg, Re, Gg^Es, Gg^Es, Gg, Gg, Gg
Gs^Fds, Gs^Fds, Gs^Fds, Gs^Fds, Gs^Fds, Gs^Fds, Gs^Fds, Gs^Fds, Gs^Fds, Gs^Fds, Gs^Fds, Gg, Gg, Gg, Gg, Gg, Gg, Gg, Gg, Gg, Re, Re, Gg, Gg, Re, Gg^Efm, Gg^Efm, Gg^Efm, Gg^Efm, Gg, Gg, Gg, Gg, Gg, Gg, Gg, Gg, Gg, Gg, Gg^Ve, Gg, Re, Gg, Gg^Es, Gg, Gg, Gg
Gs^Fds, Gs^Fds, Gs^Fds, Gs^Fds, Gg^Fet, Gs^Fds, Gs^Fds, Gs^Fds, Gs^Fds, Gs^Fds, Gs^Fds, Gg, Gg, Gg, Gg, Gg, Gg, Gg, Re, Re, Gg, Gg, Gg, Gg, Re, Gg^Efm, Gg^Efm, Gg^Efm, Gg^Efm, Gg, Gg, Gg, Gs^Fds, Gg, Re, Gg, Gg, Gg, Gg, Gg, Gg, Re, Gg, Gg, Gg, Gg, Gg
Gs^Fds, Gs^Fds, Gs^Fds, Gs^Fds, Gs^Fds, Gs^Fds, Gs^Fds, Gs^Fds, Gs^Fds, Gs^Fds, Gs^Fds, Gg, Gg, Gg, Gs^Fds, Gs^Fds, Re, Re, Gg, Gg, Gg, Gg, Gg^Ve, Gg, Re, Gg^Efm, Gg^Efm, Gg^Efm, Gg, Gg, Gg, Gs^Fds, Re, Re, Gg, Re, Re, Gg, Gg, Gg, Gg, Re, Re, Re, Re, Gg, Gg
Gs^Fds, Gg^Fet, Gs^Fds, Gs^Fds, Gs^Fds, Gs^Fds, Gg^Fet, Gs^Fds, Gs^Fds, Gs^Fds, Gs^Fds, Gg, Gg, Gg, Re, Re, Gg, Gg, Gg, Gg, Gg, Gg, Gg, Gg, Re, Gg, Gg, Gg, Gg, Gg, Re, Re, Gg, Gg, Gg, Gs^Fds, Gs^Fds, Re, Re, Gg, Re, Re, Gg, Gs^Fds, Gg, Re, Re
Gs^Fds, Gs^Fds, Gs^Fds, Gs^Fds, Gs^Fds, Gs^Fds, Gs^Fds, Gs^Fds, Gs^Fds, Gs^Fds, Gg, Gg, Re, Re, Gg, Gg, Gg, Gg, Gg, Gg, Gg, Gg, Gg, Gg, Re, Gg, Gg, Gg, Re, Re, Gg^Es, Gg, Gg, Gg, Gg, Gg, Gg, Gg, Gg, Re, Re, Gg, Gg, Gg, Gg^Ve, Gg, Gg
Gs^Fds, Gs^Fds, Gs^Fds, Gs^Fds, Gs^Fds, Gs^Fds, Gs^Fds, Gs^Fds, Gs^Fds, Gs^Fds, Gg^Efm, Gg, Re, Gg, Gg, Gg, Gg, Gg, Gg, Gg^Ve, Gg, Gg, Gg, Gg, Re, Gg, Re, Re, Gg^Ve, Gg^Es, Gg, Gg, Gg, Gg, Gg, Gg, Gg, Gg, Gg^Efm, Gg^Efm, Gg^Efm, Re, Re, Cv, 2 Kv, Gg^Efm, Gg^Efm
Gs^Fds, Gs^Fds, Gs^Fds, Gs^Fds, Gs^Fds, Gs^Fds, Gg^Efm, Gs^Fds, Gg^Efm, Gg^Ve, Gg^Efm, Gg^Efm, Re, Gg^Efm, Gg^Efm, Gg, Gg, Gg, Gg, Gg, Gg, Gg, Gg, Gg^Es, Re, Re, Gg, Gg, Gg, Gg, Gg, Gg, Gg, Gg, Gg, Gg, Gg, Gg, Gg^Efm, Gg^Efm, Gg^Efm, Gg^Efm, Re, Cv, Cv, Gg^Efm, Gg^Efm
Gg, Gs^Fds, Gg^Efm, Gg^Ve, Cv, Gg^Efm, Gg^Efm, Gg^Efm, Gg^Efm, Gg^Efm, Gg^Efm, Gg^Efm, Re, Gg^Efm, Gg^Efm, Gg, Gg, Gg, Gg, Gg, Gs^Fds, Gg, Re, Re, Gs^Fds, Gs^Fds, Gg, Gg, Gg, Gg, Gg, Gg, Gg, Gg, Gg, Gg, Gg, Gg, Re, Gg^Efm, Gg^Efm, Gg, Re, Gg^Efm, Gg^Efm, Gg^Efm, Gg^Efm
Gg, Gg, Gg^Efm, Cv, 3 Kv, Cv, Re, Re, Re, Gg^Efm, Re, Re, Gg^Efm, Re, Re, Gg^Efm, Gg, Gg, Gg, Gs^Fds, Re, Re, Gg^Efm, Re, Re, Gs^Fds, Gg, Gg, Gg, Gg, Gg, Gg, Gs^Fds, Gg, Gg, Gg, Re, Re, Gg^Efm, Re, Re, Cv, 1 Kv, Gg^Efm, Re, Re, Re
Gg, Gg, Re, Cv, Cv, Cv, Gg^Efm, Gg^Efm, Gg^Efm, Re, Gg^Efm, Gg^Efm, Gg^Efm, Gg, Gg^Efm, Re, Re, Gg, Re, Re, Gg^Efm, Gg^Efm, Gg^Efm, Gg^Efm, Gg^Efm, Re, Re, Gg, Gg, Gg, Gg, Gg, Gs^Fds, Gs^Fds, Re, Re, Gg, Gg, Gg^Efm, Gg^Efm, Gg^Efm, Cv, Cv, Re, Gg^Efm, Gg^Efm, Gg^Efm
Re, Re, Gg^Efm, Gg^Efm, Gg^Efm, Gg^Ve, Gs^Fds, Gg^Efm, Gs^Fds, Gg^Efm, Gg^Ve, Gg^Efm, Gg^Efm, Gg^Efm, Gg^Efm, Gg^Efm, Gg, Re, Re, Gg, Gg, Gg^Efm, Gg, Gg^Efm, Gg, Gg, Gg, Re, Re, Gg^Ve, Gg, Gg, Re, Re, Gg, Gg, Gg, Gg, Gg^Efm, Gg^Efm, Gg^Efm, Gg^Efm, Re, Gg^Ve, Gg^Efm, Gg^Efm, Gg^Efm
Gg, Gg, Gg, Gg^Efm, Gs^Fds, Gs^Fds, Gs^Fds, Gs^Fds, Gs^Fds, Gs^Fds, Gg^Efm, Gg^Efm, Gg^Efm, Gg^Efm, Gg, Gg, Gg, Gs^Fds, Gg, Re, Re, Gg, Gg, Gg, Gg, Gg, Gg, Gg^Es, Gg^Es, Re, Re, Re, Gg, Gg, Gg, Gg, Gg, Gg, Gg, Gg^Efm, Gg^Efm, Gg^Efm, Re, Gg^Efm, Gg^Efm, Gg^Efm, Gg^Efm
Gg, Gg, Gs^Fds, Gs^Fds, Gs^Fds, Gs^Fds, Gs^Fds, Gs^Fds, Gs^Fds, Gs^Fds, Gg^Efm, Gg^Efm, Gg, Gg, Gg, Gg, Gg, Gg, Gg, Gg, Gg, Re, Re, Gg, Gs^Fds, Gs^Fds, Gs^Fds, Gg, Gg, Gg, Gg, Gg, Gg, Gg, Gs^Fds, Gg, Gg, Gg, Gg, Gg, Gg, Gg^Efm, Re, Gg^Efm, Gg, Gg^Efm, Gg
Gs^Fds, Gs^Fds, Gs^Fds, Gs^Fds, Gs^Fds, Gs^Fds, Gs^Fds, Gs^Fds, Gs^Fds, Gs^Fds, Gs^Fds, Gg, Gg, Gg, Gg, Gg, Gg, Gg, Gg, Gg, Gg, Gg^Ve, Gg, Re, Gs^Fds, Gs^Fds, Gg, Gg, Gg, Gg, Gg^Ve, Gg, Gg, Gs^Fds, Gs^Fds, Gg, Gg, Gg, Gg, Gg, Gg, Gg, Re, Gg, Gg, Gg, Gg
Gs^Fds, Gs^Fds, Gs^Fds, Gs^Fds, Gs^Fds, Gs^Fds, Gs^Fds, Gs^Fds, Gg^Fet, Gs^Fds, Gs^Fds, Gs^Fds, Gg, Gg, Gg, Gg, Gg, Gg, Gg, Gg, Gg, Gg, Gg, Re, Gg, Gg, Gg, Gg, Gg, Gg, Gg, Gg, Gg, Gs^Fds, Gs^Fds, Gg, Gg, Gg, Gg, Gg, Gg, Gg, Re, Gg, Gg, Gg, Gg
Gs^Fds, Gs^Fds, Gs^Fds, Gs^Fds, Gs^Fds, Gs^Fds, Gs^Fds, Gs^Fds, Gs^Fds, Gs^Fds, Gs^Fds, Gs^Fds, Gg, Gg, Gg, Gg, Gg, Gg, Gg, Gg, Gg, Gg, Gs^Fds, Re, Gg, Gg, Gg, Gg, Gg^Efm, Gg^Efm, Gg^Efm, Gg, Gg, Gs^Fds, Gg, Gg, Gg, Gg^Ve, Gg, Gg, Re, Re, Gg, Gg, Gs^Fds, Gg, Gg
Gs^Fds, Gs^Fds, Gs^Fds, Gg^Fet, Gs^Fds, Gs^Fds, Gs^Fds, Gs^Fds, Gs^Fds, Gs^Fds, Gs^Fds, Gs^Fds, Gg, Gg, Gg, Gg, Gg, Gg, Gg, Gg, Gg, Gs^Fds, Gs^Fds, Re, Gg, Gg, Gg, Gg, Gg^Efm, Gg^Efm, Gg^Efm, Gg^Efm, Gg^Efm, Gg, Gg, Gg, Re, Gg, Re, Re, Gg, Gg, Gg, Gg, Gs^Fds, Gs^Fds, Gs^Fds
Gs^Fds, Gs^Fds, Gs^Fds, Gs^Fds, Gs^Fds, Gs^Fds, Gs^Fds, Gs^Fds, Gs^Fds, Gs^Fds, Gs^Fds, Gs^Fds, Gg, Gg, Gg, Gg, Gg, Gg, Gg, Gg, Gg, Gg, Gg, Re, Gg^Es, Gg, Gg, Gg, Gg^Efm, Gg^Efm, Gg^Efm, Gg^Efm, Gg^Efm, Gg^Efm, Re, Re, Gg, Re, Gg, Gg, Gg, Gg, Gg, Gs^Fds, Gs^Fds, Gs^Fds, Gs^Fds
Gs^Fds, Gs^Fds, Gs^Fds, Gs^Fds, Gs^Fds, Gs^Fds, Gs^Fds, Gs^Fds, Gs^Fds, Gs^Fds, Gs^Fds, Gs^Fds, Gg, Gg, Gg, Gg, Gg, Gg, Gg, Gg, Gg, Gg, Gg, Re, Gg^Es, Gg^Es, Re, Re, Re, Gg^Efm, Gg^Efm, Gg^Efm, Re, Re, Gg, Gg, Gg, Re, Re, Gg, Gg, Gg, Gg, Gs^Fds, Gs^Fds, Gs^Fds, Gs^Fds
Gs^Fds, Gs^Fds, Gs^Fds, Gs^Fds, Gs^Fds, Gs^Fds, Gs^Fds, Gg^Fet, Gs^Fds, Gs^Fds, Gs^Fds, Gs^Fds, Gs^Fds, Gg, Gg, Gg, Gg, Gg, Gg, Gg, Gg, Gg, Gg, Re, Re, Re, Gg, Gg, Gg, Re, Re, Re, Gg, Gg, Gg, Gg, Gg, Gg^Es, Gg^Es, Re, Re, Gg, Gg, Gs^Fds, Gs^Fds, Gs^Fds, Gs^Fds
Gs^Fds, Gs^Fds, Gs^Fds, Gs^Fds, Gs^Fds, Gs^Fds, Gs^Fds, Gs^Fds, Gs^Fds, Gs^Fds, Gs^Fds, Gs^Fds, Gs^Fds, Gg, Gg, Gg, Gg, Gg, Gg, Gg, Gg, Gg, Gg, Re, Gg, Gg, Gg, Gg, Gg, Gg, Gs^Fds, Gg, Gs^Fds, Gg, Gg, Gg, Gg, Gg, Gg, Gg, Gg, Re, Gg, Gg, Gg, Gs^Fds, Gs^Fds
Gs^Fds, Gs^Fds, Gg^Fet, Gs^Fds, Gs^Fds, Gs^Fds, Gs^Fds, Gs^Fds, Gs^Fds, Gs^Fds, Gs^Fds, Gs^Fds, Gs^Fds, Gs^Fds, Gs^Fds, Gg, Gg, Gg, Gg, Gg, Gg^Es, Gg^Es, Re, Re, Gg, Gg, Gg, Gg, Gs^Fds, Gs^Fds, Gs^Fds, Gs^Fds, Gs^Fds, Gs^Fds, Gs^Fds, Gs^Fds, Gs^Fds, Gg, Gg, Gg, Gg, Re, Gg, Gg, Gg, Gg, Gg
Gs^Fds, Gs^Fds, Gs^Fds, Gs^Fds, Gs^Fds, Gs^Fds, Gs^Fds, Gs^Fds, Gs^Fds, Gs^Fds, Gs^Fds, Gs^Fds, Gs^Fds, Gs^Fds, Gs^Fds, Gg, Gg, Gg, Gg, Gg, Re, Re, Gg, Gg, Gg, Gg, Gs^Fds, Gs^Fds, Gs^Fds, Gs^Fds, Gs^Fds, Gs^Fds, Gs^Fds, Gs^Fds, Gs^Fds, Gs^Fds, Gs^Fds, Gs^Fds, Gg, Gg, Gg, Re, Gg^Es, Gg, Gg, Gg, Gg
Gs^Fds, Gs^Fds, Gs^Fds, Gs^Fds, Gs^Fds, Gs^Fds, Gs^Fds, Gs^Fds, Gs^Fds, Gs^Fds, Gs^Fds, Gs^Fds, Gs^Fds, Gs^Fds, Gs^Fds, Gg, Gg, Gg, Gg, Re, Gg, Gg, Gg, Gg, Gs^Fds, Gs^Fds, Gs^Fds, Gs^Fds, Gs^Fds, Gs^Fds, Gs^Fds, Gs^Fds, Gs^Fds, Gs^Fds, Gs^Fds, Gs^Fds, Gs^Fds, Gs^Fds, Gg, Gg, Gg, Re, Gg, Gg, Gg, Gg, Gg
Gs^Fds, Gs^Fds, Gs^Fds, Gs^Fds, Gs^Fds, Gs^Fds, Gs^Fds, Gs^Fds, Gs^Fds, Gg^Fet, Gs^Fds, Gs^Fds, Gs^Fds, Gs^Fds, Gs^Fds, Gs^Fds, Gg, Gg, Gg, Re, Gg, Gg, Gs^Fds, Gs^Fds, Gs^Fds, Gs^Fds, Gs^Fds, Gs^Fds, Gs^Fds, Gs^Fds, Gs^Fds, Gs^Fds, Gs^Fds, Gs^Fds, Gs^Fds, Gs^Fds, Gs^Fds, Gs^Fds, Gg, Gg, Gg, Re, Gg, Gg, Gg, Gg, Gg
Gs^Fds, Gs^Fds, Gs^Fds, Gs^Fds, Gs^Fds, Gs^Fds, Gs^Fds, Gs^Fds, Gs^Fds, Gs^Fds, Gs^Fds, Gs^Fds, Gs^Fds, Gs^Fds, Gs^Fds, Gs^Fds, Gg, Gg, Gg, Re, Gg, Gg, Gs^Fds, Gs^Fds, Gs^Fds, Gs^Fds, Gs^Fds, Gs^Fds, Gs^Fds, Gs^Fds, Gs^Fds, Gs^Fds, Gs^Fds, Gs^Fds, Gs^Fds, Gs^Fds, Gs^Fds, Gs^Fds, Gg, Gg, Gg, Re, Gg, Gg, Gg, Gg, Gg
