border_size=1
usage=map

Mm, Mm, Mm, Mm, Mm, Mm, Mm, Gg, Hh, Gg, Gg, Gg, Gd, Rp, Gg, Gg, Gg, Gg, Gg, Gg, Gd, Gg, Hh, Mm, Mm, Gg, Hh, Gg, Gg, Gg, Gg, Gg, Gg, Gg, Gg, Rrc, Gg, Gg, Gg, Gg, Gg, Gg, Gg, Gg, Gg, Gg, Gg, Gg, Gg, Gg, Gg, Gg
Mm, Mm, Mm, Mm, Mm, Mm, Mm, Hh, Gd^Em, Gg, Gs, Gg, Gd, Rp, Rp, Gg, Gg, Gg, Gg, Gg, Gd, Gd, Hh, Mm, Mm, Mm, Hh, Hh, Gg, Gg, Gg, Gg, Gg, Gg, Rp, Rrc, Rrc, Gg, Gs^Vc, Gg, Gg, Gg, Gg, Gg, Gg, Gg, Gg, Gg, Gg, Gg, Gg, Gg
Hh, Mm, Mm, Mm, Mm, Mm, Hh, Hh, Gd, Gd, Gs, Gs, Gs, Gd^Em, Gs, Rp, Gg, Gg, Rp, Gg, Gd, Gd, Hh, Hh, Hh, Mm, Hh, Hh, Rp, Gg, Rp, Gg, Rp, Rp, Gs, Gs, Gs, Rrc, Rrc, Gs, Gs, Gs, Gs, Gg, Gg, Gg, Gg, Gg, Gg, Gg, Gg, Gg
Hh, Hh, Hh, Hh, Hh, Hh, Gd^Em, Gd, Gd^Em, Gd^Em, Hh, Gs, Rp, Gs, Rp, Rp, Rp, Rp, Gg, Rp, Rp, Rp, Rp, Hh, Rp, Hh, Rp, Rp, Gg, Rp, Gg, Rp, Gg, Gg, Gg, Gs, Gll, Gs, Gs, Rrc, Rrc, Gs^Vc, Gs, Gs, Gg, Gg, Gg, Gg, Gg, Gg, Gs, Gg
Hh, Hh, Gd^Em, Hh, Gs, Gs, Gs, Gd, Gd, Rp, Hh, Hh, Gg, Rp, Gg, Gg, Gg, Gg, Gg, Gg, Gg, Gg, Gg, Rp, Gg, Rp, Gg, Gg, Gg, Gg, Gg, Gg, Gg, Gg, Gll, Gll, Gll, Gll, Gll, Gs, Gs, Rrc, Rrc, Gs, Gg, Gg, Gg, Gll, Gll, Gs, Gs, Gs
Gd, Gd, Gd, Gd, Gs, Gs^Em, Gs, Gs, Rp, Rp, Gg, Hh, Gg, Gg, Gg, Gg, Gg, Gg, Gg, Gg, Gg, Gg, Gg, Gg, Xos, Xos, Xos, Gg, Gg, Gg, Gs, Gg, Gs, Gs, Gll, Gll, Gll^Fp, Gll, Gll^Fp, Gll, Gll, Gs, Gll, Rrc, Gg, Gg, Gll, Gll, Gll^Fp, Gs, Gll^Fp, Gs
Gd, Gd, Gg, Gd, Gg, Gs, Gs, Rp, Gg, Gg, Gg, Gg, Gg, Gg, Gg, Gg, Gg, Gg, Gg, Gg, Gg, Gg, Xos, Xos, Qxua, Qxua, Qxua, Xos, Xos, Gg, Gs, Gs, Gs, Gs, Gll, Gll, Gll^Fp, Gll^Fp, Gll^Fp, Gll^Fp, Gll^Fp, Gll, Gll, Rrc, Gg, Gg, Gll, Gll, Gll^Fp, Gll^Fp, Gll^Fp, Gll^Fp
Gg, Gg, Gg^Es, Gg, Gg, Gg, Rp, Rp, Gg^Es, Gg, Gg, Gg, Gg, Gg, Gg, Gg, Xos, Xos, Xos, Gg, Xos, Xos, Iwr, Qxua, Qxua, Qxua, Qxua, Qxua, Qxua, Xos, Xos, Gs, Gs, Gs, Gs, Gll^Fp, Gll^Fp, Gll^Fp, Gll^Fp, Gll^Fp, Gll^Fp, Gll, Gll, Rrc, Gg, Gg, Gs, Gs, Gll^Fp, Gll^Fp, Gll^Fp, Gg
Rp, Rp, Rp, Rp, Rp, Rp, Gg, Gg, Gg, Gg, Gg, Gg, Gg, Gg, Xos, Xos, Iwr, Iwr, Iwr, Xos, Iwr, Iwr, Iwr, Qxua, Qxua, Qxua, Qxua, Qxua, Qxua, Qxua, Qxua, Xos, Xos, Gs, Gs, Gll^Fp, Gll, Gll^Fp, Gll^Fp, Gll^Fp, Gll^Fp, Gll, Gg, Rrc, Rrc, Gg, Gs, Gs, Gll^Fp, Gll^Fp, Gll^Fp, Gll^Fp
Gg, Gg, Gg, Gg, Gg, Gg^Es, Gg, Gg, Gg, Gg, Gg, Gg, Xos, Xos, Qxua, Qxua, Qxua, Iwr, Iwr, Iwr, Iwr, Iwr, Iwr, Qxua, Qxua, Qxua, Qxua, Qxua, Qxua, Qxua, Qxua, Qxua, Qxua, Xos, Xos, Gs, Gs, Gll^Fp, Gs, Gll^Fp, Gs, Gll, Gg, Gg, Rrc, Gg, Gs, Gs, Gll, Gll^Fp, Gll^Fp, Gll^Fp
Gg, Gg^Es, Gg, Gg, Gg, Gg, Gg, Gg, Xos, Gg, Xos, Xos, Qxua, Qxua, Qxua, Qxua, Qxua, Qxua, Qxua, Iwr, Iwr, Iwr, Iwr, Qxua, Qxua, Qxua, Qxua, Qxua, Qxua, Qxua, Qxua, Qxua, Qxua, Qxua, Iwr, Xos, Xos, Gs, Gs, Gs, Gs, Gg, Gg, Gg, Gg, Rrc, Rrc, Gs, Gll, Gll, Gll, Gg
Gg, Gg, Gg, Gg, Gg, Gg, Xos, Xos, Iwr, Xos, Iwr, Iwr, Qxua, Qxua, Qxua, Qxua, Qxua, Qxua, Qxua, Qxua, Iwr, Iwr, Iwr, Iwr, Qxua, Qxua, Qxua, Qxua, Qxua, Qxua, Qxua, Qxua, Iwr, Iwr, Iwr, Iwr, Iwr, Xos, Xos, Xos, Xos, Xos, Xos, Gg, Gg, Gg, Gg, Rrc, Rrc, Gll, Gll, Gll
Gg, Gg, Gg, Gg, Xos, Xos, Iwr, Iwr, Iwr, Iwr, Iwr, Iwr, Qxua, Qxua, Qxua, Qxua, Qxua, Qxua, Qxua, Qxua, Qxua, Iwr, Qxua, Qxua, Qxua, Qxua, Qxua, Qxua, Qxua, Qxua, Qxua, Iwr, Iwr, Iwr, Iwr, Iwr, Iwr, Iwr, Qxua, Qxua, Qxua, Qxua, Qxua, Xos, Xos, Gg, Gg, Gg, Gg, Rrc, Rrc, Gg
Gg, Gg, Xos, Xos, Iwr, Iwr, Iwr, Iwr, Iwr, Iwr, Iwr, Iwr, Qxua, Qxua, Qxua, Qxua, Qxua, Qxua, Qxua, Qxua, Qxua, Qxua, Qxua, Qxua, Qxua, Qxua, Qxua, Qxua, Qxua, Qxua, Qxua, Iwr, Iwr, Iwr, Iwr, Iwr, Iwr, Iwr, Qxua, Qxua, Qxua, Qxua, Qxua, Qxua, Xos, Gg, Gg, Gg, Gg, Gg, Gg, Rrc
Gg, Gg, Xos, Iwr, Iwr, Iwr, Iwr, Iwr, Iwr, Iwr, Iwr, Qxua, Qxua, Qxua, Qxua, Qxua, Iwr, Iwr, Iwr, Iwr, Qxua, Qxua, Qxua, Qxua, Qxua, Qxua, Qxua, Qxua, Qxua, Qxua, Qxua, Qxua, Qxua, Iwr, Qxua, Iwr, Qxua, Iwr, Qxua, Qxua, Qxua, Qxua, Qxua, Qxua, Qxua, Xos, Xos, Gg, Gg, Gg, Gg, Gg
Gg, Gg, Xos, Iwr, Iwr, Iwr, Iwr, Iwr, Iwr, Iwr, Qxua, Qxua, Qxua, Qxua, Qxua, Qxua, Iwr, Iwr, Iwr, Iwr, Qxua, Qxua, Qxua, Qxua, Qxua, Qxua, Iwr, Qxua, Iwr, Qxua, Qxua, Qxua, Qxua, Qxua, Qxua, Qxua, Qxua, Qxua, Qxua, Qxua, Qxua, Qxua, Qxua, Qxua, Iwr, Iwr, Iwr, Xos, Gg, Gg, Gg, Gg
Gg, Gg, Xos, Iwr, Qxua, Iwr, Iwr, Iwr, Qxua, Qxua, Qxua, Qxua, Qxua, Qxua, Qxua, Iwr, Iwr, Iwr, Iwr, Iwr, Iwr, Qxua, Qxua, Qxua, Qxua, Iwr, Iwr, Rr^Vhc, Iwr, Iwr, Qxua, Qxua, Qxua, Qxua, Qxua, Qxua, Qxua, Qxua, Qxua, Qxua, Qxua, Qxua, Qxua, Iwr, Iwr, Iwr, Iwr, Xos, Gg, Gg, Gg, Gg
Gg, Gg, Xos, Qxua, Qxua, Qxua, Qxua, Qxua, Qxua, Qxua, Qxua, Qxua, Qxua, Qxua, Qxua, Iwr, Iwr, Iwr, Iwr, Iwr, Qxua, Qxua, Qxua, Qxua, Qxua, Iwr, Rr^Vhc, Iwr, Iwr, Iwr, Iwr, Iwr, Iwr, Qxua, Qxua, Qxua, Iwr, Qxua, Iwr, Qxua, Qxua, Qxua, Qxua, Iwr, Iwr, Iwr, Iwr, Xos, Gg, Gg, Gg, Gg
Gg, Gg, Xos, Qxua, Qxua, Qxua, Qxua, Qxua, Qxua, Qxua, Qxua, Qxua, Qxua, Qxua, Qxua, Qxua, Qxua, Iwr, Qxua, Qxua, Qxua, Qxua, Qxua, Qxua, Qxua, Qxua, Qxua, Iwr, Iwr, Rr^Vhc, Iwr, Iwr, Qxua, Qxua, Qxua, Iwr, Iwr, Iwr, Iwr, Iwr, Qxua, Qxua, Qxua, Iwr, Iwr, Iwr, Iwr, Xos, Gg, Gg, Gg, Gg
Gg, Gg, Xos, Qxua, Qxua, Qxua, Qxua, Qxua, Qxua, Qxua, Qxua, Qxua, Qxua, Qxua, Qxua, Qxua, Qxua, Qxua, Qxua, Qxua, Qxua, Qxua, Qxua, Qxua, Qxua, Qxua, Qxua, Qxua, Qxua, Qxua, Qxua, Qxua, Qxua, Qxua, Iwr, Iwr, Iwr, Iwr, Iwr, Iwr, Qxua, Qxua, Qxua, Iwr, Iwr, Iwr, Iwr, Xos, Gg, Gg, Gg, Gg
Gg, Gg, Xos, Qxua, Qxua, Qxua, Qxua, Qxua, Qxua, Qxua, Qxua, Qxua, Qxua, Qxua, Qxua, Qxua, Qxua, Qxua, Qxua, Qxua, Qxua, Qxua, Qxua, Qxua, Qxua, Qxua, Qxua, Qxua, Qxua, Qxua, Qxua, Qxua, Qxua, Qxua, Qxua, Iwr, Iwr, Iwr, Iwr, Iwr, Qxua, Qxua, Qxua, Qxua, Iwr, Iwr, Xos, Xos, Gg, Gg, Gg, Gg
Gg, Gg, Xos, Qxua, Qxua, Qxua, Qxua, Qxua, Qxua, Qxua, Iwr, Qxua, Iwr, Iwr, Iwr, Qxua, Qxua, Qxua, Qxua, Qxua, Qxua, Qxua, Iwr, Qxua, Qxua, Qxua, Qxua, Qxua, Qxua, Qxua, Qxua, Qxua, Qxua, Qxua, Qxua, Qxua, Qxua, Iwr, Xos, Xos, Xos, Qxua, Xos, Xos, Xos, Xos, Gg, Gg, Gg, Gg, Gg, Gg
Gg, Gg, Xos, Qxua, Qxua, Qxua, Qxua, Qxua, Iwr, Iwr, Iwr, Iwr, Iwr, Iwr, Iwr, Iwr, Qxua, Qxua, Qxua, Qxua, Iwr, Iwr, Iwr, Iwr, Qxua, Qxua, Qxua, Qxua, Qxua, Qxua, Qxua, Qxua, Qxua, Qxua, Qxua, Qxua, Xos, Xos, Gg, Gg, Gg, Xos, Gg, Gg, Gg, Gg, Gg, Gg, Gg, Gg, Rrc, Rrc
Gg, Gg, Xos, Qxua, Qxua, Qxua, Qxua, Iwr, Iwr, Iwr, Iwr, Iwr, Iwr, Iwr, Iwr, Qxua, Qxua, Qxua, Qxua, Qxua, Iwr, Iwr, Iwr, Iwr, Iwr, Qxua, Qxua, Qxua, Qxua, Qxua, Iwr, Qxua, Iwr, Qxua, Iwr, Xos, Gg, Gg, Gg, Gg, Gg, Gg, Gg, Gg, Gg, Gg, Gg, Gg, Rrc, Rrc, Gg, Gg
Gs, Gs, Gs, Xos, Xos, Qxua, Iwr, Iwr, Iwr, Iwr, Iwr, Iwr, Iwr, Iwr, Xos, Qxua, Qxua, Qxua, Qxua, Qxua, Qxua, Iwr, Iwr, Iwr, Iwr, Iwr, Qxua, Qxua, Qxua, Qxua, Iwr, Iwr, Iwr, Iwr, Iwr, Xos, Gg, Gg, Gg, Gg, Gg, Gg, Gg, Gg, Gg, Gg, Rrc, Rrc, Gg, Gg, Gg, Gg
Gs, Gs, Gs, Gs, Gg, Xos, Xos, Iwr, Xos, Iwr, Xos, Iwr, Xos, Xos, Gg, Xos, Xos, Qxua, Iwr, Qxua, Qxua, Qxua, Qxua, Iwr, Iwr, Iwr, Qxua, Qxua, Qxua, Qxua, Qxua, Iwr, Iwr, Iwr, Iwr, Xos, Gg, Gg, Gg, Gg, Gg, Gg, Gg, Gg, Gg, Rrc, Gs, Gg, Gg, Gg, Gg, Gg
Gll, Gll, Gs, Gs, Gll, Gg, Gg, Xos, Gg, Xos, Gg, Xos, Gg, Gg, Gg, Gg, Xos, Iwr, Iwr, Iwr, Qxua, Qxua, Qxua, Iwr, Iwr, Iwr, Iwr, Qxua, Qxua, Qxua, Iwr, Iwr, Iwr, Iwr, Iwr, Xos, Gg, Gg, Gg^Efm, Gg^Efm, Gg, Gg, Gg^Efm, Gg, Gg, Rrc, Gs, Gg, Gg, Gg, Gs, Gg
Gll^Fmf, Gll, Gll^Fmf, Gll, Gll, Gll, Gg, Gg, Gg, Gg, Gg, Gg, Gg, Gg, Gg, Gg, Xos, Iwr, Iwr, Iwr, Qxua, Qxua, Qxua, Iwr, Iwr, Iwr, Iwr, Qxua, Qxua, Iwr, Iwr, Iwr, Iwr, Iwr, Iwr, Xos, Gg, Gg, Gg^Efm, Gg, Gg^Efm, Gg^Efm, Gg^Efm, Gg, Gg, Rrc, Gs, Gs, Gg, Gg, Gs, Gs
Gll^Fmf, Gll^Fmf, Gll^Fmf, Gll^Fmf, Gll^Fmf, Gll, Gll, Gs, Gs, Gg, Gg, Gg, Gg, Gg, Gg, Gg, Xos, Iwr, Iwr, Qxua, Qxua, Qxua, Qxua, Iwr, Iwr, Iwr, Iwr, Qxua, Qxua, Iwr, Iwr, Iwr, Iwr, Iwr, Xol, Xol, Gg, Gg, Gg, Gg^Efm, Gg^Efm, Gg^Efm, Gg^Efm, Gg, Gg, Rrc, Gs, Gs, Gg, Gs, Gs, Gs
Gll^Fmf, Gll^Fmf, Gll^Fmf, Gll^Fmf, Gll^Fmf, Gll^Fmf, Gs, Gs, Gs, Gg, Gg, Gg, Gg, Gg, Gg, Gg, Gg, Xos, Xos, Xol, Xol, Qxua, Iwr, Iwr, Iwr, Iwr, Iwr, Qxua, Xos, Iwr, Xos, Iwr, Xol, Xol, Gg, Gg, Gg, Gg, Gg, Gg, Gg, Gg, Gg, Gg, Gg, Rrc, Gll, Gll, Gll, Gg, Gll, Gll
Gll^Fmf, Gll^Fmf, Gll^Fmf, Gll^Fmf, Gll^Fmf, Gll^Fmf, Gll, Gs, Gg, Gg, Gg, Gg, Gg, Gg, Gg, Gg, Gg, Gg, Gg, Gg, Gg, Xol, Gg, Iwr, Rrc, Iwr, Gg, Xos, Gg, Xos, Gg, Xol, Gg, Gg, Gg^Efm, Gg^Efm, Gg^Efm, Gg, Gg, Gg, Gg, Gg, Gg, Gg, Gg, Rrc, Gll, Gll, Gll, Gll, Gll^Fp, Gg
Gll, Gll^Fmf, Gll^Fmf, Gll^Fmf, Gll^Fmf, Gll^Fmf, Gll, Gll, Gg, Gg, Gs, Gg, Gg, Gg, Gg, Gg, Gg, Gg, Gg, Gg, Gg, Gg, Ch, Gg, Gg, Rrc, Rrc, Gg, Gg, Gg, Gg, Gg, Gg^Efm, Gg^Efm, Gg^Efm, Gg^Efm, Gg^Efm, Gg^Efm, Gg, Gg, Gg, Gg, Gg, Gg, Rrc, Rrc, Gs, Gll, Gll^Fp, Gll^Fp, Gll^Fp, Gg
Gll, Gll, Gll, Gll^Fmf, Gg, Gll, Gll, Gll, Gs, Gs, Gs, Gs, Gg, Gg, Gg, Gg, Gg, Gg, Gg, Gg, Ch, Ch, Ch, Ch, Ch, Gg, Gg, Rrc, Gg, Gg, Gg, Gg, Gg, Gg^Efm, Gg^Efm, Gg^Efm, Gg, Gg^Efm, Gg, Gg, Gg, Gg, Gg, Gg, Rrc, Gs, Gs, Gll^Fp, Gll^Fp, Gll^Fp, Gll^Fp, Gll^Fp
Gg, Gll, Gg, Gg, Gg, Gs, Gs, Gs, Gll^Fmf, Gll^Fmf, Gll^Fmf, Gs, Gll, Gg, Gs, Gg, Gg, Gg, Gg, Gg, Gg, Ch, Ch, Kh, Ch, Gg, Gg, Rrc, Gg, Gg, Gg, Gg, Gg, Gg, Gg, Gg, Rrc, Rrc, Rrc, Rrc, Rrc, Gg, Rrc, Rrc, Gs, Gs, Gll^Fp, Gll^Fp, Gll^Fp, Gll^Fp, Gll^Fp, Gll^Fp
Gg, Gg, Gg, Gg, Gg, Gs, Gs, Gll^Fmf, Gll^Fmf, Gll^Fmf, Gll^Fmf, Gll^Fmf, Gll, Gll, Gs, Gs, Gs, Gg, Gg, Gg, Gg, Gg, Gg, Ch, Gg, Gg, Gg, Rrc, Gg, Gg, Rrc, Rrc, Rrc, Gg, Rrc, Rrc, Gg, Gg, Gg, Gg, Gg, Rrc, Gg, Gg, Gg, Gs, Gll, Gll^Fp, Gll^Fp, Gll^Fp, Gll^Fp, Gll^Fp
Gg, Gg, Gg, Gg, Gg, Gs, Gs, Gs, Gs, Gll^Fmf, Gll^Fmf, Gll^Fmf, Gll, Gll, Gs, Gs, Gll, Gg, Gll^Fmf, Gg, Gll^Fmf, Gll, Gg, Gg, Gg, Gg, Gg, Rrc, Rrc, Rrc, Gs^Vc, Gg, Gg, Rrc, Gll, Gg, Gg, Gg, Gg, Gg, Gg, Gg, Gg, Gg, Gg, Gll, Gll, Gll^Fp, Gll^Fp, Gll^Fp, Gll^Fp, Gll^Fp
Gg, Gg, Gll, Gg, Gg, Gg, Gg, Gs, Gg, Gg, Gg, Gg, Gs, Gs, Gs, Gll, Gll^Fmf, Gll^Fmf, Gll^Fmf, Gll^Fmf, Gll^Fmf, Gll^Fmf, Gg, Gg, Gg, Gg, Gg, 1 Rrc, Gg, Gs, Gs, Gg, Gg, Gs^Vc, Gs, Gs, Gs, Gg, Gg, Gg, Gg, Gg, Gg, Gg, Gg, Gll, Gll, Gll, Gll, Gll^Fp, Gll^Fp, Gll^Fp
Gll, Gll, Gll^Fmf, Gll, Gll, Gg, Gs, Gg, Gg, Gg, Gg, Gg, Gg, Gg, Gll, Gll, Gll^Fmf, Gll^Fmf, Gll^Fmf, Gll^Fmf, Gll^Fmf, Gll^Fmf, Gll, Gg, Gg, Gg, Gg, Rrc, Gg, Gg, Gg, Gg, Gll, Gs, Gs, Gs, Gll, Gll, Gll, Gg, Gg, Gg, Gg, Gg, Gg, Gg, Gg, Gll, Gll, Gll, Gs, Gll^Fp
Gll^Fmf, Gll^Fmf, Gll^Fmf, Gll^Fmf, Gll^Fmf, Gs, Gs, Gg, Gg, Gg, Gg, Gg, Gg, Gg, Gll, Gll, Gll, Gll^Fmf, Gll^Fmf, Gll^Fmf, Gll^Fmf, Gll^Fmf, Gll, Gll, Gg, Gg, Rrc, Rrc, Gg, Gg, Gg, Gg, Gs, Gs, Gll^Fp, Gll^Fp, Gll^Fp, Gll, Gs, Gs, Gs, Gg, Gg, Gg, Gg, Gg, Gg, Gg, Gg, Gs, Gs, Gs
Gll^Fmf, Gll^Fmf, Gll^Fmf, Gll^Fmf, Gll^Fmf, Gs, Gs, Gs, Gg, Gg, Gg, Gg, Gg, Gg, Gg, Gll, Gg, Gg, Gg, Gll, Gll, Gll, Rrc, Gg, Rrc, Rrc, Gg, Gg, Gg, Gg, Gg, Gg, Gll, Gll, Gll^Fp, Gll^Fp, Gll^Fp, Gll^Fp, Gll^Fp, Gll, Gll, Gg, Gg, Gg, Gg, Gg, Gg, Gg, Gg, Gs, Gs, Gs
Gll^Fmf, Gll^Fmf, Gll^Fmf, Gll^Fmf, Gll^Fmf, Gll, Gll, Gs, Gg, Gg, Gg, Gg, Gg, Gg, Gg, Gg, Gg, Gg, Gg, Gg, Rrc, Rrc, Gg, Rrc, Gg, Gg, Gg, Gg, Gg, Gg, Gg, Gg, Gs, Gs, Gs, Gll^Fp, Gll^Fp, Gll^Fp, Gs, Gs, Gs, Gg, Gg, Gg, Gg, Gg, Gg, Gg, Gg, Gg, Gg, Gs
Gg, Gll^Fmf, Gg, Gll^Fmf, Gll^Fmf, Gll, Gll, Gll, Gg, Gg, Gg, Gg, Gg, Gg, Gg, Gg, Gg, Gg, Gg, Gg, Gg, Gg, Gg, Gg, Gg, Gg, Gg, Gg, Gg, Gg, Gg, Gg, Gg, Gs, Gg, Gg, Gg, Gs, Gs, Gs, Gg, Gg, Gg, Gg, Gg, Gg, Gg, Gg, Gg, Gg, Gg, Gg
