border_size=1
usage=map

Gg, Gg, Gg, Gg, Gg, Gg, Gg, Gg, Gg, Gg, Gg, Gg, Gs, Gs, Gs, Co^Xo, Gd, Gd, Gd, Gs, Gd, Gd, Gd, Gd, Gd, Gs, Gs, Gd, Gd, Gs, Gs, Gs, Co^Xo, Gs, Gs, Gg, Gg, Gg, Gg, Gg, Gg, Gg, Gg, Gg, Gg, Gg
Gg, Gg, Gg, Gg, Gg, Gg, Gg, Gg, Gs^Vh, Gg, Gg, Gg, Gg, Gs, Gs, Co^Xo, Gd, Gd, Gd, Gd^Vo, Gd, Gg^Ecf, Co, Gg^Ecf, Gd, Gd^Vo, Re, Gd, Gd, Gd, Gd, Gs, Co^Xo, Gs, Gs, Gg, Gg, Gg, Gg, Gg, Gg, Gg, Gg, Gg, Gg, Gg
Gs^Fms, Gg, Gg, Gg, Gg, Gg, Gg, Gg, Gg, Gg, Gg, Gg, Gg, Gs, Gs, Co^Xo, Gd, Gd, Gd, Re, Gg^Ecf, Co, 2 Ko, Co, Gg^Ecf, Gd, Re, Gd, Gd, 4 Gd, Gd, Gs, Co^Xo, Gs, Gg, Gg, Gg, Gg, Gg, Gg, Gg, Gg, Gg, Gg, Gg, Gg
Gs^Fms, Gs^Fms, Gs^Fms, Gg, Gg, Gg, Gg, Gg, Gg, Gg, Gg, Gg, Gs, Gs, Gs, Co^Xo, Gd, Gd, Gd^Vo, Re, Gs, Co, Co, Co, Gd, Gd^Vo, Re, Gd, Gd, Gd, Gd, Co^Xo, Gg, Gs, Re, Gg, Gg^Gvs, Gg, Gg, Gg, Gg, Gg, Gs^Vh, Gg, Gg, Gg
Gs^Fms, Gs^Fms, Gg^Ve, Gg, Gg, Gg, Gg, Gg, Gg^Eff, Gg^Eff, Gg^Gvs, Gg^Gvs, Gg^Wm, Gs, Re, Co^Xo, Co^Xo, Gd, Gd, Re, Gd^Vo, Gg^Ecf, Gd, Gg^Ecf, Gd, Gd, Re, Gd, Gd, Gd, Gd, Co^Xo, Gs, Gs, Gg^Wm, Gg^Gvs, Gg^Gvs, Gg^Eff, Gg^Eff, Gg, Gg, Gg, Gg, Gg, Gg, Gg
Hh^Fms, Gs^Fms, Gs^Fms, Gg, Gg, Gg, Gg, Gg^Eff, Gg^Eff, Gg^Gvs, Gg^Gvs, Gg^Gvs, Gg^Gvs, Gg^Gvs, Gs, Re, Re, Co^Xo, Re, Re, Re, Gd, Re, Gd^Vo, Re, Re, Gd, Re, Re, Re, Co^Xo, Co^Xo, Re, Re, Gg^Gvs, Gg^Gvs, Gg^Gvs, Gg^Gvs, Gg^Eff, Gg, Gg, Gg, Gg, Gg, Gg, Gg
Gs^Fms, Hh^Fms, Hh^Fms, Gs^Fms, Gg, Gg, Gg, Gg, Gg, Gg^Eff, Gg^Eff, Gg^Gvs, Gg^Eff, Gg^Eff, Gg, Gs, Re, Co^Xo, Co^Xo, Gd, Gd, Re, Gd, Re, Gd, Gd, Gd, Gd, Co^Xo, Co^Xo, Re, Re, Gs, Gg, Gg^Eff, Gg^Gvs, Gg^Eff, Gg^Eff, Gg, Gg, Gg, Gg, Gg, Gg, Gg, Gg
Gs^Fms, Gs^Fms, Hh^Fms, Gs^Fms, Gs^Fms, Gg, Gg, Gg, Gg, Gg, Gg, Gg^Eff, Gg, Gg, Gg, Gg, Gs, Re, Co^Xo, Gd, Gd, Re, Gd, Gd, Gd, Gd, Co^Xo, Co^Xo, Re, Re, Gs, Gs, Gg, Gg, Gg, Gg^Eff, Gg, Gg, Gg, Gg, Gg, Gg, Gg, Gg^Es, Hh, Hh
Gs^Fms, Gs^Fms, Gs^Fms, Hh^Fms, Gs^Fms, Gg^Efm, Gs^Fms, Gg, Gg, Gg, Gg^Es, Gg, Gg, Gg, Gg, Gg, Gs, Re, Re, Co^Xo, Re, Re, Gs, Gs, Gs, Co^Xo, Re, Re, Gs, Gs, Gg, Gg, Gg, Gg, Gg, Gg, Gg, Gg, Gg, Gg, Hh, Gg, Hh, Hh, Hh, Hh
Gs^Fms, Gs^Fms, Gs^Fms, Gs^Fms, Gs^Fms, Gs^Fms, Gs^Fms, Gs^Fms, Gs^Fms, Gg, Gg, Gg, Gg, Gg, Gg, Gg, Re, Re, Gd^Vo, Re, Gs, Re, Gs, Gs, Gd^Vo, Gs, Re, Gs, Gg, Gg^Es, Gg, Gg, Gg, Gg, Gg, Gg, Hh, Gg, Hh, Hh, Hh, Hh, Mm, Mm, Mm, Hh
Gs^Fms, Gs^Fms, Gs^Fms, Gg, Gg, Gs^Fms, Gs^Fms, Gs^Fms, Gs^Fms, Gs^Fms, Gs^Fms, Gg, Gg, Gg, Gg^Wm, Re, Gg^Gvs, Gs, Gs, Gs, Re, Re, Re, Gs, Re, Gs, Re, Gg, Re, Gg, Gg, Gg, Gg, Gg, Gg, Gg, Hh, Hh, Mm, Mm, Mm, Mm, Mm, Mm, Mm, Mm
Gs^Fms, Gs^Fms, Ww, Ww, Ww, Gg, Gs^Fms, Gs^Fms, Gs^Fms, Gs^Fms, Gs^Fms, Gg, Gg, Gg, Gg^Gvs, Gg^Gvs, Gg^Gvs, Gg^Gvs, Gg^Gvs, Gd^Vo, Gs, Gs, Re, Re, Gs, Re, Gg, Re, Gg^Gvs, Re, Gg^Wm, Gg, Gg, Gg, Gg, Hh, Hh, Hh, Mm, Mm, Mm, Mm, Mm, Mm, Mm, Mm
Gs^Fms, Gg, Ww, Wo, Wo, Ww, Ww, Gs^Fms, Gs^Fms, Gs^Fms, Gs^Fms, Gs^Fms, Gg, Gg^Eff, Gg^Eff, Gg^Gvs, Gg^Gvs, Gg^Gvs, Gg^Eff, Gg^Eff, Gs, Re, Gs, Gd^Vo, Gs, Gg, Gg^Gvs, Gg^Gvs, Gg^Gvs, Gg^Gvs, Gg^Gvs, Gg, Gg, Gg, Gg, Gg, Hh, Hh, Mm, Mm, Mm, Mm, Mm, Mm, Mm, Mm
Gs^Fms, Gg, Ww, Wo, Ww, Ww, Gg, Gs^Fms, Hh^Fms, Gs^Fms, Gs^Fms, Gs^Fms, Gs^Fms, Gg, Gg, Gg^Eff, Gg^Eff, Gg^Eff, Gg, Gg, Gg, Re, Gs, Gs, Gs, Gg^Eff, Gg^Eff, Gg^Gvs, Gg^Gvs, Gg^Gvs, Gg^Eff, Gg^Eff, Gg, Gg, Gg, Gg, Hh, Mm, Mm, Mm, Mm, Mm, Mm, Mm, Mm, Mm
Hh^Fms, Ww, Hh^Fms, Ww, Gg, Gg, Hh^Fms, Hh^Fms, Gs^Fms, Hh^Fms, Gs^Fms, Gs^Fms, Gs^Fms, Gg^Efm, Gs^Fms, Gg, Gg, Gg, Gg, Gg, Re, Re, Gg, Gg, Gg, Gg, Gg, Gg^Eff, Gg^Eff, Gg^Eff, Gg, Gg, Gg, Gg, Gg, Gg^Es, Hh, Mm, Mm, Mm, Mm, Mm, Mm, Mm, Mm, Mm
Hh^Fms, Gg, Gs^Fms, Gg, Gs^Fms, Hh^Fms, Gs^Fms, Gs^Fms, Gs^Fms, Gs^Fms, Gs^Fms, Gs^Fms, Gs^Fms, Gs^Fms, Gs^Fms, Gg, Gg, Gg, Gg, Gg, Re, Gg, Gg, Gg, Gg, Gg, Gg, Gg, Gg, Gs^Vh, Gg, Gg, Gg, Gg, Gg, Hh, Hh^Vhh, Mm, Mm, Mm, Mm, Mm, Mm, Mm, Mm, Mm
Hh^Fms, Hh^Fms, Gs^Fms, Gs^Fms, Gs^Fms, Gs^Fms, Gs^Fms, Gg^Efm, Gg^Efm, Gs^Fms, Gg, Gs^Fms, Gg^Efm, Gs^Fms, Gs^Vh, Gg, Gg, Gg, Gg, Gg, Gg, Re, Gg, Gg, Gg, Gg, Gg, Gg, Gg, Gg, Gg, Gg, Gg, Gg, Gg, Hh, Hh, Mm, Mm, Mm, Mm, Mm, Mm, Mm, Mm, Mm
Gs^Fms, Gs^Fms, Gs^Fms, Gs^Fms, Gg^Efm, Gs^Fms, Gs^Fms, Gs^Fms, Gg, Gg, Gs^Fms, Gg, Gg, Gs^Fms, Gs^Fms, Gg, Gg, Gg, Hh, Gg^Es, Gg, Re, Re, Gg, Gg, Gg, Gg, Gg, Gg, Gg, Gg, Gg, Gg, Gg, Gg, Hh, Hh, Hh, Hh, Mm, Mm, Mm, Mm, Mm, Mm, Mm
Gs^Fms, Gs^Fms, Gg^Efm, Gg^Efm, Gs^Fms, Gg, Gg, Gs^Fms, Gs^Fms, Gg, Gs^Fms, Gs^Fms, Gg, Gg, Gg, Gg, Gg, Gs^Fms, Hh^Fms, Hh^Fms, Hh^Fms, Gg, Hh^Vhh, Re, Re, Gg, Gg, Gg, Gg, Gg, Gg^Es, Gg, Gg, Gg, Gg, Gg^Es, Hh, Mm, Hh, Mm, Hh, Mm, Mm, Mm, Mm, Mm
Gg^Efm, Gs^Fms, Gg, Gg, Gs^Fms, Gs^Fms, Gg, Gg, Gg, Gg, Gg, Gg, Gg, Gg, Gg, Gg, Gs^Fms, Gs^Fms, Gs^Fms, Hh, Hh^Fms, Hh^Fms, Hh^Fms, Hh, Gg, Re, Re, Gg, Gg, Gg, Gg, Gg, Gg, Gg, Gg, Gg, Gg, Hh, Gg, Hh, Hh, Mm, Hh, Mm, Mm, Mm
Gg^Efm, Gs^Fms, Gs^Fms, Gg, Re, Re, Re, Re, Re, Gg, Re, Gg, Gg, Gg, Gg, Gg, Gg, Gs^Fms, Gs^Fms, Gs^Fms, Gs^Fms, Hh, Gs^Fms, Gg^Es, Gg, Gg, Re, Gg, Gg, Gg, Gg, Gg, Gg, Gg, Gg, Gg, Gg, Gg, Gg, Hh, Hh, Hh, Gg, Hh, Mm, Mm
Gg, Gs^Fms, Gg, Re, Gg, Gs^Fms, Gs^Fms, Gg, Gg, Re, Gg, Re, Gg, Gg, Gs^Fms, Gg, Gg, Gg, Gg, Gg, Gg, Gg, Gg, Gg, Gg, Gg, Gg, Re, Gg, Gg, Gg, Gg, Gg, Gg, Gg, Gg, Gg, Gg, Gg, Hh, Gg, Gg, Gg, Gg, Gg, Mm
Re, Gg, Re, Re, Gs^Fms, Gs^Fms, Gg, Gg, Gg, Gs^Fms, Gs^Fms, Re, Re, Gg, Gs^Fms, Gg, Re, Gg, Gg, Gs^Fms, Gg, Gg, Gg, Gg, Gg, Gg, Re, Re, Gg, Gg, Gg, Gg, Gg, Gg, Gs^Vh, Gg, Gg, Gg, Re, Re, Re, Re, Re, Re, Re, Re
Gg, Re, Gg, Gg, Gs^Fms, Gs^Fms, Gs^Vh, Gg^Efm, Gg^Efm, Gg, Gg^Efm, Gs^Fms, Gs^Fms, Re, Re, Re, Gg, Re, Re, Gg, Gg, Gg, Gg, Gg, Re, Re, Gg, Re, Re, Re, Re, Re, Re, Re, Re, Re, Re, Re, Gg, Gg, Gg, Gg, Gg, Gg, Hh, Hh
Gg, Gg, Gg, Gs^Fms, Gs^Fms, Gs^Fms, Gs^Fms, Gs^Fms, Gs^Fms, Gg^Efm, Gs^Fms, Gg^Efm, Gs^Fms, Gg, Gg, Gs^Fms, Gg, Gg, Gg, Re, Re, Gg, Gg, Re, Gg, Gg, Gg, Gg, Gg, Gg, Gg, Gg, Gg, Gg, Gg, Gg, Gg, Gg, Gg, Gg^Es, Gg, Gg, Hh, Hh, Mm, Mm
Gs^Fms, Gs^Fms, Gs^Fms, Gs^Fms, Gs^Fms, Gs^Fms, Gs^Fms, Gs^Fms, Gs^Fms, Gs^Fms, Gs^Fms, Gs^Fms, Gs^Fms, Gg^Efm, Gs^Fms, Gs^Fms, Gg, Gg, Gg, Gg, Gg^Efm, Re, Re, Re, Gg, Gg, Gg^Efm, Gg, Gg, Gg, Gg, Gg, Gg, Gg, Gg, Gg, Gg, Gg, Gg, Gg, Hh, Hh, Mm, Mm, Mm, Mm
Gs^Fms, Gs^Fms, Gs^Fms, Gs^Fms, Gs^Fms, Gs^Fms, Gs^Fms, Gs^Fms, Hh^Fms, Hh^Fms, Hh^Fms, Hh^Fms, Gs^Fms, Gs^Fms, Gs^Fms, Gg, Gg, Gg, Gg^Efm, Gs^Fms, Gg, Gg, Gg, Re, Gg, Gg, Gg, Gg, Gg, Gg, Gg, Gg, Gg, Gg, Gg, Gg, Gg, Gg, Gg, Hh, Gg, Hh, Mm, Mm, Mm, Mm
Gs^Fms, Gs^Fms, Hh^Fms, Gs^Fms, Gs^Fms, Gs^Fms, Gs^Fms, Gs^Fms, Hh^Fms, Hh^Fms, Hh^Fms, Gs^Fms, Hh^Fms, Gs^Fms, Gs^Fms, Gg, Gs^Fms, Gg, Gg, Gg, Gg, Gg, Gg, Re, Gg, Gg, Gg, Gg, Gg^Efm, Gg, Gg, Gg, Gs^Vh, Gg, Gg, Gg, Gg, Gg, Hh, Gg, Hh, Mm, Mm, Mm, Mm, Mm
Gs^Fms, Hh^Fms, Hh^Fms, Gs^Fms, Gs^Fms, Gs^Fms, Gs^Fms, Gs^Fms, Gs^Fms, Hh^Fms, Hh^Fms, Hh^Fms, Hh^Fms, Hh^Fms, Hh^Fms, Gs^Fms, Gg, Gs^Fms, Gg, Gs^Fms, Gg, Gg, Gg^Efm, Re, Gg^Efm, Gg, Gg^Efm, Gg, Gg, Gg, Gg^Es, Gg, Gg, Gg, Gg, Gg, Gg, Gg, Hh, Hh, Hh, Mm, Mm, Mm, Mm, Mm
Gs^Fms, Gs^Fms, Gs^Fms, Hh^Fms, Gs^Fms, Gs^Fms, Gs^Fms, Gs^Fms, Gs^Fms, Gs^Fms, Gs^Fms, Hh^Fms, Gs^Fms, Hh^Fms, Gs^Fms, Gs^Fms, Gg^Ve, Gs^Fms, Gg, Gg^Efm, Gg, Gg, Gg, Re, Gg, Gg, Gg, Gg, Gg, Gg, Gg, Gg, Gg, Gg, Gg, Gg, Gg, Gg, Gg, Gg, Mm, Mm, Mm, Mm, Mm, Mm
Gs^Fms, Gs^Fms, Gs^Fms, Gs^Fms, Gs^Fms, Gs^Fms, Gs^Fms, Gs^Fms, Gs^Fms, Gs^Fms, Gs^Fms, Gs^Fms, Gs^Fms, Gs^Fms, Gs^Fms, Gs^Fms, Gs^Fms, Gs^Fms, Gs^Fms, Gg, Gg, Gg, Gg, Re, Gg, Gg, Gg, Gg, Gg, Gg, Gg, Gg, Gg, Gg, Gg, Gg, Gg, Gg, Gg, Hh, Hh^Vhh, Mm, Mm, Mm, Mm, Mm
Gs^Fms, Gs^Fms, Gs^Fms, Gs^Fms, Gs^Fms, Gs^Fms, Gs^Fms, Gs^Fms, Gs^Fms, Gs^Fms, Gs^Fms, Gs^Fms, Gs^Fms, Gs^Fms, Gs^Fms, Gg^Efm, Gg^Efm, Gs^Fms, Gg, Gs^Fms, Gg, Gg, Ce, Ce, Ce, Gg, Gg, Gg, Gg, Gg, Gg, Gg, Gg, Gg, Gg, Gg, Gg, Gg, Hh, Hh, Hh, Mm, Mm, Mm, Mm, Mm
Hh^Fms, Hh^Fms, Hh^Fms, Gs^Fms, Gs^Fms, Gs^Fms, Gs^Fms, Gs^Fms, Gs^Fms, Gs^Fms, Gs^Fms, Gs^Fms, Gs^Fms, Gg^Efm, Gg^Efm, Gs^Fms, Gs^Fms, Gg, Gg, Gs^Vh, Gg, Gg, Ce, 1 Ke, Ce, Gg, Gg, Gs^Vh, Gg, Gg, Gg, Gg, Gg, Gg, Gg, Gg, Gg, Gg, Gg, Hh, Hh, Mm, Mm, Mm, Mm, Mm
Gg, Hh^Fms, Hh^Fms, Gg^Ve, Hh^Fms, Hh^Fms, Hh^Fms, Gs^Fms, Gs^Fms, Gs^Fms, Gs^Fms, Gg^Efm, Gs^Fms, Gs^Fms, Gs^Fms, Gs^Fms, Gs^Fms, Gs^Fms, Gs^Fms, Gg^Efm, Gg^Efm, Gg, Gg, Ce, Gg, Gg, Gg^Efm, Gg^Efm, Gg^Efm, Gg, Gg, Gg, Gg, Gg, Gg, Gg, Gg, Gg, Gg, Gg, Gg, Hh, Hh, Mm, Mm, Mm
Gs^Fms, Gs^Fms, Gg, Hh^Fms, Hh^Fms, Hh^Fms, Hh^Fms, Hh^Fms, Gg^Efm, Gg^Efm, Gg^Efm, Gg^Efm, Gg^Efm, Gg^Efm, Gg^Efm, Gg^Efm, Gg, Gg^Efm, Gg^Efm, Gg^Efm, Gg^Efm, Gg^Efm, Gg, Gg, Gg, Gg^Efm, Gg^Efm, Gg^Efm, Gg^Efm, Gg^Efm, Gg, Gg, Gg, Gg, Gg, Gg, Gg, Gg, Gg, Gg, Gg, Gg, Hh, Mm, Mm, Mm
