border_size=1
usage=map

Ur, Uu, Uu, Uu, Uu, Uu, Ur, Uu, Uu, Uu, Uu, Uu
Uu, Ur, Ur, Uu, Uu, Ur, Uu^Vu, Ur, Uu, Uu, Ur, Ur
Uu, Uu, Uu, Ur, Ur, Ur, Ur, Ur, Ur, Ur, Uu, Uu
Uu, Uu, Uu, Uu, Ur, Uu^Ecf, 3 Kud, Uu^Ecf, Ur, Uu, Uu, Uu
Ur, Uu, Uu, Uu, Ur, Uu^Ecf, Ur, Uu^Ecf, Ur, Ur, Uu^Vu, Uu
Uu, Ur, Ur, Uu^Vu, Uu, Ur, Ur, Ur, Uu, Uu, Ur, Uu
Uu, Uu, Uu, Ur, Ur, Ur, Kud, Ur, Ur, Ur, Uu, Ur
Uu, Uu, Uu, Uu, Uu, Ur, Ur, Ur, Uu, Uu, Uu, Uu
Uu, Uu, Uu, Uu, Uu, Ur, Uu^Vu, Ur, Uu, Uu, Uu, Uu
Uu, Uu, Uu, Uu, Uu, Ur, Ur, Ur, Uu, Uu, Uu, Uu
Uu, Uu, Uu, Uu, Uu, Uu, Ur, Uu, Uu, Uu, Uu, Uu
Uu, Uu, Uu, Uu, Ur, Uu, Ur, Uu, Uu, Uu, Uu^Vu, Uu
Xos^Efs, Uu, Uu, Uu^Vu, Uu, Ur, Ur, 1 Uu, Ur, Ur, Uu, Uu
Xos^Efs, Uu, Uu, Uu, Uu, Uu, Ur, Ur, Uu, Uu, Uu, Xos^Efs
Xos^Efs, Uu, Uu, Uu, Uu, Uu, Ur, Uu, Uu, Uu, Uu, Xos^Efs
Xos^Efs, Uu, Uu, Uu, Uu, Uu, Ur, Uu, Uu, Uu, Uu, Xos^Efs
Xos^Efs, Uu, Uu, Uu, Uu, Uu, Ur, Uu, Uu, Uu, Uu, Xos^Efs
Uu^Uf, Xos^Efs, Xos^Efs, Uu^Vu, Ur, Uu, Ur, Uu, Uu^Vu, Uu, Xos^Efs, Xos^Efs
Uu^Uf, Uu^Uf, Uu^Uf, Xos^Efs, Xos^Efs, Ur, Ur, Ur, Xos^Efs, Xos^Efs, Uu^Uf, Uu^Uf
Uu^Uf, Uu^Uf, Uu^Uf, Uu^Uf, Xos^Efs, Uu, Urb, Uu, Xos^Efs, Uu^Uf, Uu^Uf, Uu^Uf
Uu^Uf, Uu^Uf, Uu^Uf, Uu^Uf, Gg, Gg^Ecf, 2 Urb, Gg^Ecf, Gg, Uu^Uf, Uu^Uf, Uu^Uf
Uu^Uf, Uu^Uf, Gg, Gg, Gg, Gg, Urb, Gg, Gg, Gg, Gg, Uu^Uf
