border_size=1
usage=map

Hh, Hh, Wwg, Hh, Hh^Fds, Hh^Fds, Hh^Fds, Hh^Fds, Hh, Hh, Hh, Hh, Gg, Gg, Gg, Gg, Gg, Gg, Gg, Gg, Gg^Fds, Gg^Fms, Gg^Fms, Gg^Fms, Gg^Fds, Gg, Hh, Hh, Mm, Mm, Mm, Mm, Mm, Mm, Mm, Mm, Mm, Mm, Mm, Mm, Mm, Mm, Mm, Mm, Mm, Mm
Hh, Hh, Wwg, Hh, Hh^Fds, Hh^Fds, Hh^Fds, Hh, Hh, Hh, Gg, Gg, Gs, Gg, Gg, Gg, Gg, Gg, Gg, Gg, Gg, Gg^Fds, Gg^Fds, Gg^Fds, Gg^Fds, Gg, Hh, Hh, Mm, Mm, Mm, Mm, Mm, Mm, Mm, Mm, Mm, Mm, Mm, Mm, Mm, Mm, Mm, Mm, Mm, Mm
Hh, Hh, Hh, Wwg, Hh, Hh^Fds, Hh, Hh, Gg, Gg, Gg, Gs, Gg, Gs, Gg, Gg^Vhr, Gg, Gg, Gg^Gvs, Gg^Gvs, Gg^Gvs, Gs, Gs, Gg, Gg, Gg, Hh, Hh, Hh, Mm, Mm, Mm, Mm, Mm, Mm, Mm, Mm^Vhh, Mm, Mm, Mm, Mm, Mm, Mm, Mm, Mm, Mm
Hh, Hh, Hh, Wwg, Wwg, Hh, Gg, Gs, Gs^Es, Gg, Gg^Vh, Gd, Gg, Gg^Wm, Gg, Gg, Gg, Gg^Gvs, Gg^Gvs, Gg^Gvs, Gg, Gg, Gg, Gs, Gs, Gg, Gg, Hh, Hh, Mm, Hh, Mm^Vhh, Hh, Hh, Hh^Fp, Mm, Hh^Fp, Mm, Mm, Mm, Mm, Mm, Mm, Mm, Mm, Mm
Hh, Hh, Hh, Hh, Gg, Wwg, Gs, Gs, Gg^Eff, Gg, Gg, Gg, Gg, Gg, Gs, Gs, Gg, Gg, Gg, Gg, Gg, Gg, Gs^Es, Gs, Gg, Gg, Gg, Hh, Hh, Hh, Hh, Hh, Hh, Hh, Hh^Fp, Hh^Fp, Hh, Hh, Hh, Mm, Mm^Vhh, Mm, Mm, Mm, Mm, Mm
Hh, Hh, Hh, Hh, Gg^Efm, Wwg, Gg, Gg, Gg, Gg^Eff, Gg^Eff, Gg, Gg, Gg, Gs^Vh, Gs, Gs, Gg^Eff, Gg^Eff, Gg, Gg, Gg, Gg, Gg, Gg, Gg, Gd^Gvs, Gg, Gg, Gg, Gg, Gg^Vo, Gg, Gg, Ce, Hh, Hh, Hh, Hh, Hh, Hh, Mm, Mm, Mm, Mm, Mm
Hh, Hh, Gg, Gg, Gg, Wwg, Gg^Efm, Gg, Ds, Gg, Gg, Gg, Gg, Gg, Gs, Gg, Gs^Eff, Gg^Eff, Gg, Gg, Hh, Hh, Hh, Gg, Gg^Gvs, Gd^Gvs, Gg^Gvs, Gg, Gg, Gg, Gg, Gg, Gg, Ce, 3 Ket, Ce, Gg, Hh, Hh, Hh^Es, Hh, Hh, Hh, Mm, Mm^Vhh, Mm
Gg, Gg, Gs, Gs^Es, Gg, Wwg, Wwg, Wwg, Wwg, Gg, Gg, Gg, Gg, Gg, Gg, Gs, Gg, Gg, Gg, Hh, Hh, Hh, Hh, Gg, Gg, Gs^Gvs, Gs, Gg, Gg, Gg, Gs, Gg, Gg, Ce, Ce, Ce, Gg, Gg, Gg, Hh, Hh, Hh, Hh, Hh, Hh^Es, Hh
Gg, Gg, Gg, Gg, Gg, Gg, Gg, Ds, Gg, Ww, Wwg^Bw/, Gg, Gg, Gg, Gg, Gg, Gg, Gg, Ds, Gg, Gg, Gg, Gg, Rp, Gg, Gs, Gg, Gg, Gg, Gg, Gg^Gvs, Gg, Gs, Gg, Gg, Gg, Gd, Gg, Gg, Gg, Ce, Ce, Ce, Hh, Hh, Hh
Hh, Hh, Hh^Fds, Hh, Hh, Gg, Gd, Gg, Rp, Gg, Gg, Wwg, Wwg, Wwg, Wwg, Wwg, Wwg, Wwg, Wwg, Wwg, Wwg, Gg, Gg, Rp, Gg, Gg, Gg, Gg, Gd, Gd^Gvs, Gg^Gvs, Gg^Gvs, Gs^Gvs, Gs, Gg, Gd, Gg, Gg, Gg, Gg^Vo, Ce, 4 Ke, Ce, Hh, Hh, Hh
Hh^Fds, Hh^Fds, Hh^Fms, Hh^Fds, Gs^Fds, Gg, Gg, Gg, Gg^Es, Gg, Gg, Gg, Gg, Gg^Efm, Gg, Gg, Gg, Gg, Gg, Wwg, Wwg^Bw/, Wwg^Bw/, Wwg, Gg^Efm, Gg, Gg, Gg^Vc, Gg, Gg, Gg, Gg, Gs^Gvs, Gg, Gg, Gg, Gg^Es, Gs, Gg, Gg, Gg, Gg, Ce, Gg, Gg, Gg, Gg
Gs^Fds, Hh^Fms, Gs^Fms, Gs^Fds, Gs^Fds, Gs^Fds, Gg, Gg, Gg, Gg, Gg, Gg, Gs^Fds, Gg, Gs^Fds, Gg, Gg, Gg, Rp, Gg, Gg, Wwg, Wwg, Wwg, Wwg, Gg, Wwg, Ds, Wwg, Wwg, Wwg, Gg, Gg, Gg, Gg, Gs, Gs, Gs, Gg, Gg, Gg^Gvs, Gg, Gg, Gg, Gg, Gg
Gs^Fds, Gs^Fms, Gs^Fms, Gs^Fds, Gll^Fds, Gs^Fds, Gll^Fds, Gg, Gll, Gg, Gs^Fds, Gs^Fds, Gs^Fds, Gs^Fds, Gs^Fds, Gs^Fds, Gs^Fds, Gg, Rp, Gg, Gg, Gg, Gg, Gg, Gg, Wwg, Gg, Wwg, Gg^Efm, Wwg, Gg, Wwg^Bw/, Wwg, Gg, Gg^Efm, Gg, Gg, Gg, Gg, Gg^Gvs, Gg^Gvs, Gg^Gvs, Gs^Es, Gg, Gg, Gg
Gs^Fds, Gs^Fds, Gs^Fms, Gs^Fms, Gs^Fds, Gll^Fds, Gll, Gll, Gg, Gll^Fds, Gll^Fds, Gs^Fms, Gs^Fms, Gll^Fp, Gs^Fms, Gs^Fds, Gs^Fds, Gg, Gg, Gg, Gg, Gs, Gg, Gg^Vc, Gg, Gg, Gs, Gg, Gg, Gg, Gg^Vc, Gg, Gg, Wwg, Wwg, Wwg, Wwg, Gg, Wwg, Gg, Gg, Gg, Gg, Gs, Rp, Gg
Gs^Fds, Gs^Fds, Gs^Fds, Gs^Fds, Gg, Gg, Gg, Rp, Gg, Gll^Fds, Gll^Fds, Gs^Fds, Gs^Fds, Gs^Fds, Gll^Fds, Gs^Fds, Gll^Fds, Gs^Fds, Gg, Gg^Es, Gg, Gg^Fds, Gg^Fms, Gg, Gg, Gg, Gg, Gg, Gg, Gg, Gg, Gg, Gg, Gg, Gg^Gvs, Ds, Gg, Wwg, Wwg, Wwg, Wwg, Gg, Rr, Rr, Gg, Rr
Gs^Fds, Gs^Fds, Gg, Gg, Gll, Gs, Gs, Rp, Gg, Gg, Gg, Gll^Fds, Gg^Em, Gll^Fds, Gll, Gll^Fds, Gg, Gll, Gg, Gg, Gll, Gg^Fds, Gg^Fms, Gg^Fms, Gs^Fds, Gg, Gg, Gs^Fds, Gg^Fds, Gg, Gg, Gg, Gg^Gvs, Gg^Gvs, Gg^Gvs, Gg^Gvs, Gg, Gg, Gg^Efm, Wwg, Wwg^Bw/, Wwg^Bw/, Wwg, Gg, Gg, Gg
Gg, Gg, Gll, Gll, Gll^Fds, Gs, Gll, Gg, Gs, Gs, Gs, Gg, Gg, Gg, Gs, Gs, Gs, Gg, Gs^Fds, Gll, Gll^Fds, Gll, Gg, Gs^Fds, Gd, Gs, Gll^Fds, Gs^Fds, Gs^Fp, Gg^Fds, Gg, Gg, Gg, Gg^Gvs, Gd, Gg, Gg^Es, Gg, Rp, Gg, Gg, Wwg, Wwg, Wwg, Wwg, Gg
Gg, Gll, Gll^Fds, Gll^Fds, Gll^Fds, Gll^Fds, Gll^Fds, Gll, Gg, Gs^Es, Gs, Rp, Gg, Gg, Gll, Gll, Gll^Fds, Gll^Fds, Gll^Fp, Gs^Fds, Gs^Fds, Gll^Fds, Gg, Gs, Gg, Gg, Gll, Gs^Fp, Gg^Fms, Gg^Fms, Gg^Fds, Gg^Fds, Gg, Gg, Gg, Gg, Gg, Gg, Rp, Gg, Gg^Gvs, Gg, Gg, Wwg, Wwg, Wwg
Gs^Fds, Gll^Fds, Gll^Fds, Gll^Fms, Gs^Fds, Gs^Fds, Gs^Fds, Gll^Fds, Gg, Gg, Gg, Gg, Gg, Gg^Em, Gs^Fds, Gll^Fds, Gs^Fds, Gs^Fms, Gs^Fds, Gs^Fds, Gs^Fds, Gs^Fds, Gll^Fds, Gll, Gg, Gg, Gg, Gg^Fds, Gg^Fds, Gg^Fms, Gg^Fms, Gg^Fds, Gg, Gg, Gg, Gg, Gg^Eff, Gg, Gg^Gvs, Gg^Gvs, Gg^Gvs, Gg^Gvs, Gg, Gg, Gg^Fds, Wwg
Gs^Fds, Gs^Fds, Gs^Fms, Gs^Fms, Gs^Fds, Gll^Fp, Gs^Fds, Gll^Fds, Gll, Gg, Rp, Gg, Gd, Gs^Fds, Gs^Fds, Gs^Fds, Gs^Fds, Gs^Fds, Gll^Fp, Gs^Fds, Gs^Fms, Gs^Fds, Gs^Fds, Gll, Gg, Gs, Gg, Gg^Fds, Gll, Gll^Fds, Gll, Gll, Gg, Gg, Gg^Eff, Gg^Eff, Gg, Gg^Eff, Gg, Gg^Gvs, Gg, Gs, Gs, Gg, Gs^Fds, Gg^Fds
Gs^Fds, Gs^Fds, Gs^Fms, Gs^Fms, Gs^Fds, Gs^Fds, Gs^Fds, Gs^Fds, Gg, Gg, Gg^Eff, Gg, Gg, Gg, Gs^Fds, Gs^Fds, Gs^Fds, Gs^Fds, Gs^Fds, Gs^Fms, Gs^Fms, Gs^Fds, Gs^Fds, Gg, Gg, Gg, Gg, Gg, Gd, Gg, Gg, Gg, Gg^Eff, Gg^Eff, Gg, Gg, Rr, Gg^Vc, Rr, Gg, Gg, Gg, Gg, Gs^Fds, Gg^Fms, Gg^Fms
Gs^Fds, Gs^Fds, Gs^Fds, Gs^Fds, Gs^Fds, Gs^Fds, Gg, Gg, Gg^Eff, Gs^Eff, Gs, Gg^Eff, Gg, Gg, Gg, Gs^Fds, Gll^Fds, Gs^Fds, Gll^Fds, Gs^Fms, Gs^Fms, Gs^Fds, Gs^Fds, Gg, Gg, Gg, Gs, Gg, Gg, Gg, Gg, Gg, Gg, Gg, Gg, Rr, Gg, Gg, Gg, Rr, Rr, Gg, Gg, Gg^Fds, Gg^Fds, Gg^Fds
Gs^Fds, Gs^Fds, Gs^Fds, Gs^Fds, Gg, Gg^Ve, Gg, Gg, Gg, Gs, Gs^Es, Gs, Gg, Gg, Gg, Gll, Gg, Gll^Fds, Gll, Gs^Fds, Gg, Gs^Fds, Gs, Gg, Gg, Gs, Gs^Gvs, Gs, Gs, Gg^Es, Gg, Gg, Gg, Gg, Rr, Rr, Rr, Gg, Rp, Rp, Gg, Rr, Rr, Gg, Gg, Gg
Gg, Gs^Fds, Gg, Gg, Gg, Rp, Gg, Gg, Gg, Gs, Gg, Gg, Gg, Gg, Gg, Gg, Gg, Gg, Gg, Gg, Gg, Gg, Gg, Gg, Gg^Gvs, Gg^Gvs, Gs^Gvs, Gs^Gvs, Gg^Gvs, Gg, Gg, Gg, Rp, Rp, Gg, Gg, Gg, Rr, Gg, Gg, Gg, Gg, Gg^Ve, Rr, Gg, Gg
Gg, Gg, Gs, Gg, Gg, Rp, Gg, Gg, Gg, Gg, Gg, Gg, Gg, Gg, Gg, Gg, Gg^Eff, Gg, Gg^Eff, Gg, Gg, Gg, Gg, Gg^Gvs, Gg^Gvs, Gg^Gvs, Gg^Gvs, Gg^Gvs, Gg, Gg, Rr, Rr, Gg, Rr, Gg, Gs, Gs, Rr, Gg, Gg^Es, Gg, Gg, Rr, Rr, Gg, Gg
Gg, Gs, Gs, Gg, Gg, Rr, Gg, Gg, Rr, Rr, Rr, Gg^Vwm, Gg, Gg, Gg^Eff, Gg^Eff, Gg, Gg^Eff, Gg, Gg^Eff, Gs^Eff, Gs, Gg, Gg, Gg, Gg^Gvs, Gg, Gg, Gg, Gg, Rr, Gg^Fet, Gg, Rr, Gg^Fds, Gs^Fds, Gg, Rp, Gg, Gg, Rr, Rr, Gg, Gg, Gg, Gg
Gg, Gs, Gg^Es, Gg, Gg, Rp, Rp, Rr, Gg, Gg, Gg^Gvs, Gg^Gvs, Gg^Gvs, Gg, Gg^Vwm, Gg, Gg, Gg, Gg, Gg, Gg, Gg, Gg, Gg, Gg^Es, Gg, Gg, Gg, Rr, Gg^Vc, Rr, Gg, Gg, Rr, Gg, Gs^Fds, Gg, Rp, Rr, Rr, Gg, Gg, Gg^Gvs, Gg, Gg, Gg
Gs, Gs, Gs, Gg, Gg, Rr, Gg, Gg, Gg, Gg^Gvs, Gg^Gvs, Gg^Gvs, Gg^Gvs, Gg^Gvs, Rr, Rr, Rr, Rr, Rr, Gg^Vwm, Rr, Rp, Rp, Gg, Gg, Gg, Rr, Rr, Gg, Gg, Gg, Rr, Rp, Rp, Rp, Gg, Rr, Rr, Gg, Gg, Gg^Gvs, Gg^Gvs, Gg^Gvs, Gd^Gvs, Gg, Gg
Gs, Gs, Gg, Gg, Gg, Gg^Vh, Gg, Gg, Gg, Gg, Gg, Gg^Gvs, Gg, Gg, Rr, Gg, Gg, Gg, Gg^Gvs, Gg^Gvs, Gg^Gvs, Gg, Gg^Vwm, Rr, Rr, Rr, Gs, Gs, Gg, Gg, Rr, Rr, Gg, Gg, Gg, Rr, Rr, Gg, Gg, Gs^Eff, Gs^Eff, Gs^Gvs, Gg^Eff, Gg, Gg, Gg
Gs, Gd, Gg, Gg, Gg, Rp, Rp, Gg, Gg, Gg, Gg, Gg, Gg^Efm, Gg, Rr, Gg, Gg^Es, Gg^Gvs, Gg^Gvs, Gg^Gvs, Gg^Gvs, Gg^Gvs, Gg, Gg, Gg, Gs, Gg^Efm, Gg, Rp, Rr, Gg, Gg, Gg^Es, Gg, Gg, Gg^Vc, Gg, Rr, Rr, Gg, Gg, Gs^Eff, Gg, Gg^Es, Rr, Gg
Gg, Gg, Gg, Gg, Rr, Rr, Ce, Rr, Rr, Gg^Vh, Rr, Rr, Rr, Rr, Rr, Gg, Gg, Gg, Gg, Gg^Gvs, Gg, Gg, Rr, Gg, Gg, Gg, Rr, Rp, Gg, Gg, Gs, Gg, Gs, Gg, Rr, Rr, Gg, Gg, Gg, Rr, Rr, Gg, Rp, Rp, Gg, Gg
Hh, Gg, Gg, Gg^Vh, Gg, Ce, 1 Ke, Ce, Gg, Rr, Gg, Gg, Gg, Gg, Gg, Rp, Rp, Gg, Gg, Gg, Rr^Vh, Rr, Ch, Rr, Rr, Rr, Gg, Rr, Gg, Gs, Gg, Gg, Rp, Rr, Gg, Gg, Gg^Gvs, Gg, Gg, Gg, Gg^Es, Rp, Gg, Gg, Gg, Gg
Hh, Hh, Gg, Gg, Gg, Ce, Ce, Ce, Gg, Gg, Gg, Gg, Gs^Es, Gg, Gs, Gg, Gg, Rr, Rr, Rr, Gg, Ch, 2 Kh, Ch, Gg, Gg, Gg, Gg^Vh, Rr, Gg, Rr, Rp, Gg, Gg, Gg^Gvs, Gg^Gvs, Gs^Gvs, Gg^Gvs, Gg^Gvs, Gg, Gg, Gs, Gg, Gg, Gg, Gg
Hh^Fms, Hh, Hh, Gg, Gg^Eff, Gg, Gg^Eff, Gg, Gg^Eff, Gg, Gg, Gg, Gs, Gs, Gs, Gg, Gg, Gg^Vh, Gg, Gg, Gg, Ch, Ch, Ch, Gg, Gd, Gd, Gd, Gg, Rr, Gg, Gg, Gs, Gg, Gg, Gg^Gvs, Gs^Gvs, Gs^Gvs, Gs, Gs, Gs, Gs, Gg, Gg^Fds, Gg^Fds, Gg^Fds
Hh^Fms, Hh^Fms, Hh^Fms, Hh, Hh, Gg^Eff, Gg, Gg^Eff, Gg, Gg, Gs, Gs, Gs, Gs, Gs, Gg, Gg, Gg, Gg, Gg, Gg, Gg, Gg, Gg, Gg, Gg, Gg, Gg^Es, Gg, Gg, Gs, Gs, Gg, Gg, Gd, Gs, Gg, Gs, Gg, Gs, Gg, Gg, Gg, Gg^Fds, Gg^Fds, Gg^Fds
